Archive member included to satisfy reference by file (symbol)

/home/ialex/opt/xPacks/@gnu-mcu-eclipse/arm-none-eabi-gcc/8.2.1-1.4.1/.content/bin/../lib/gcc/arm-none-eabi/8.2.1/../../../../arm-none-eabi/lib/thumb/v7-m/nofp/libm.a(lib_a-w_pow.o)
                              ./src/main.o (pow)
/home/ialex/opt/xPacks/@gnu-mcu-eclipse/arm-none-eabi-gcc/8.2.1-1.4.1/.content/bin/../lib/gcc/arm-none-eabi/8.2.1/../../../../arm-none-eabi/lib/thumb/v7-m/nofp/libm.a(lib_a-e_pow.o)
                              /home/ialex/opt/xPacks/@gnu-mcu-eclipse/arm-none-eabi-gcc/8.2.1-1.4.1/.content/bin/../lib/gcc/arm-none-eabi/8.2.1/../../../../arm-none-eabi/lib/thumb/v7-m/nofp/libm.a(lib_a-w_pow.o) (__ieee754_pow)
/home/ialex/opt/xPacks/@gnu-mcu-eclipse/arm-none-eabi-gcc/8.2.1-1.4.1/.content/bin/../lib/gcc/arm-none-eabi/8.2.1/../../../../arm-none-eabi/lib/thumb/v7-m/nofp/libm.a(lib_a-e_sqrt.o)
                              /home/ialex/opt/xPacks/@gnu-mcu-eclipse/arm-none-eabi-gcc/8.2.1-1.4.1/.content/bin/../lib/gcc/arm-none-eabi/8.2.1/../../../../arm-none-eabi/lib/thumb/v7-m/nofp/libm.a(lib_a-e_pow.o) (__ieee754_sqrt)
/home/ialex/opt/xPacks/@gnu-mcu-eclipse/arm-none-eabi-gcc/8.2.1-1.4.1/.content/bin/../lib/gcc/arm-none-eabi/8.2.1/../../../../arm-none-eabi/lib/thumb/v7-m/nofp/libm.a(lib_a-s_fabs.o)
                              /home/ialex/opt/xPacks/@gnu-mcu-eclipse/arm-none-eabi-gcc/8.2.1-1.4.1/.content/bin/../lib/gcc/arm-none-eabi/8.2.1/../../../../arm-none-eabi/lib/thumb/v7-m/nofp/libm.a(lib_a-e_pow.o) (fabs)
/home/ialex/opt/xPacks/@gnu-mcu-eclipse/arm-none-eabi-gcc/8.2.1-1.4.1/.content/bin/../lib/gcc/arm-none-eabi/8.2.1/../../../../arm-none-eabi/lib/thumb/v7-m/nofp/libm.a(lib_a-s_finite.o)
                              /home/ialex/opt/xPacks/@gnu-mcu-eclipse/arm-none-eabi-gcc/8.2.1-1.4.1/.content/bin/../lib/gcc/arm-none-eabi/8.2.1/../../../../arm-none-eabi/lib/thumb/v7-m/nofp/libm.a(lib_a-w_pow.o) (finite)
/home/ialex/opt/xPacks/@gnu-mcu-eclipse/arm-none-eabi-gcc/8.2.1-1.4.1/.content/bin/../lib/gcc/arm-none-eabi/8.2.1/../../../../arm-none-eabi/lib/thumb/v7-m/nofp/libm.a(lib_a-s_lib_ver.o)
                              /home/ialex/opt/xPacks/@gnu-mcu-eclipse/arm-none-eabi-gcc/8.2.1-1.4.1/.content/bin/../lib/gcc/arm-none-eabi/8.2.1/../../../../arm-none-eabi/lib/thumb/v7-m/nofp/libm.a(lib_a-w_pow.o) (__fdlib_version)
/home/ialex/opt/xPacks/@gnu-mcu-eclipse/arm-none-eabi-gcc/8.2.1-1.4.1/.content/bin/../lib/gcc/arm-none-eabi/8.2.1/../../../../arm-none-eabi/lib/thumb/v7-m/nofp/libm.a(lib_a-s_matherr.o)
                              /home/ialex/opt/xPacks/@gnu-mcu-eclipse/arm-none-eabi-gcc/8.2.1-1.4.1/.content/bin/../lib/gcc/arm-none-eabi/8.2.1/../../../../arm-none-eabi/lib/thumb/v7-m/nofp/libm.a(lib_a-w_pow.o) (matherr)
/home/ialex/opt/xPacks/@gnu-mcu-eclipse/arm-none-eabi-gcc/8.2.1-1.4.1/.content/bin/../lib/gcc/arm-none-eabi/8.2.1/../../../../arm-none-eabi/lib/thumb/v7-m/nofp/libm.a(lib_a-s_nan.o)
                              /home/ialex/opt/xPacks/@gnu-mcu-eclipse/arm-none-eabi-gcc/8.2.1-1.4.1/.content/bin/../lib/gcc/arm-none-eabi/8.2.1/../../../../arm-none-eabi/lib/thumb/v7-m/nofp/libm.a(lib_a-e_pow.o) (nan)
/home/ialex/opt/xPacks/@gnu-mcu-eclipse/arm-none-eabi-gcc/8.2.1-1.4.1/.content/bin/../lib/gcc/arm-none-eabi/8.2.1/../../../../arm-none-eabi/lib/thumb/v7-m/nofp/libm.a(lib_a-s_rint.o)
                              /home/ialex/opt/xPacks/@gnu-mcu-eclipse/arm-none-eabi-gcc/8.2.1-1.4.1/.content/bin/../lib/gcc/arm-none-eabi/8.2.1/../../../../arm-none-eabi/lib/thumb/v7-m/nofp/libm.a(lib_a-w_pow.o) (rint)
/home/ialex/opt/xPacks/@gnu-mcu-eclipse/arm-none-eabi-gcc/8.2.1-1.4.1/.content/bin/../lib/gcc/arm-none-eabi/8.2.1/../../../../arm-none-eabi/lib/thumb/v7-m/nofp/libm.a(lib_a-s_scalbn.o)
                              /home/ialex/opt/xPacks/@gnu-mcu-eclipse/arm-none-eabi-gcc/8.2.1-1.4.1/.content/bin/../lib/gcc/arm-none-eabi/8.2.1/../../../../arm-none-eabi/lib/thumb/v7-m/nofp/libm.a(lib_a-e_pow.o) (scalbn)
/home/ialex/opt/xPacks/@gnu-mcu-eclipse/arm-none-eabi-gcc/8.2.1-1.4.1/.content/bin/../lib/gcc/arm-none-eabi/8.2.1/thumb/v7-m/nofp/libgcc.a(_arm_addsubdf3.o)
                              /home/ialex/opt/xPacks/@gnu-mcu-eclipse/arm-none-eabi-gcc/8.2.1-1.4.1/.content/bin/../lib/gcc/arm-none-eabi/8.2.1/../../../../arm-none-eabi/lib/thumb/v7-m/nofp/libm.a(lib_a-e_pow.o) (__aeabi_dsub)
/home/ialex/opt/xPacks/@gnu-mcu-eclipse/arm-none-eabi-gcc/8.2.1-1.4.1/.content/bin/../lib/gcc/arm-none-eabi/8.2.1/thumb/v7-m/nofp/libgcc.a(_arm_muldivdf3.o)
                              ./src/main.o (__aeabi_dmul)
/home/ialex/opt/xPacks/@gnu-mcu-eclipse/arm-none-eabi-gcc/8.2.1-1.4.1/.content/bin/../lib/gcc/arm-none-eabi/8.2.1/thumb/v7-m/nofp/libgcc.a(_arm_cmpdf2.o)
                              /home/ialex/opt/xPacks/@gnu-mcu-eclipse/arm-none-eabi-gcc/8.2.1-1.4.1/.content/bin/../lib/gcc/arm-none-eabi/8.2.1/../../../../arm-none-eabi/lib/thumb/v7-m/nofp/libm.a(lib_a-w_pow.o) (__aeabi_dcmpeq)
[...]
Memory Configuration

Name             Origin             Length             Attributes
RAM              0x0000000020000000 0x0000000000005000 xrw
CCMRAM           0x0000000000000000 0x0000000000000000 xrw
FLASH            0x0000000008000000 0x0000000000020000 xr
FLASHB1          0x0000000000000000 0x0000000000000000 xr
EXTMEMB0         0x0000000000000000 0x0000000000000000 xr
EXTMEMB1         0x0000000000000000 0x0000000000000000 xr
EXTMEMB2         0x0000000000000000 0x0000000000000000 xr
EXTMEMB3         0x0000000000000000 0x0000000000000000 xr
MEMORY_ARRAY     0x0000000000000000 0x0000000000000000 xrw
*default*        0x0000000000000000 0xffffffffffffffff

Linker script and memory map

LOAD ./system/src/stm32f1-stdperiph/misc.o
LOAD ./system/src/stm32f1-stdperiph/stm32f10x_adc.o
LOAD ./system/src/stm32f1-stdperiph/stm32f10x_dma.o
LOAD ./system/src/stm32f1-stdperiph/stm32f10x_exti.o
LOAD ./system/src/stm32f1-stdperiph/stm32f10x_gpio.o
LOAD ./system/src/stm32f1-stdperiph/stm32f10x_rcc.o
LOAD ./system/src/stm32f1-stdperiph/stm32f10x_tim.o
LOAD ./system/src/stm32f1-stdperiph/stm32f10x_usart.o
LOAD ./system/src/newlib/_cxx.o
LOAD ./system/src/newlib/_exit.o
LOAD ./system/src/newlib/_sbrk.o
LOAD ./system/src/newlib/_startup.o
LOAD ./system/src/newlib/_syscalls.o
LOAD ./system/src/newlib/assert.o
LOAD ./system/src/diag/Trace.o
LOAD ./system/src/diag/trace_impl.o
LOAD ./system/src/cortexm/_initialize_hardware.o
LOAD ./system/src/cortexm/_reset_hardware.o
LOAD ./system/src/cortexm/exception_handlers.o
LOAD ./system/src/cmsis/system_stm32f10x.o
LOAD ./system/src/cmsis/vectors_stm32f10x.o
LOAD ./src/_write.o
LOAD ./src/led.o
LOAD ./src/main.o
LOAD ./src/queue.o
LOAD ./src/usart.o
LOAD /home/ialex/opt/xPacks/@gnu-mcu-eclipse/arm-none-eabi-gcc/8.2.1-1.4.1/.content/bin/../lib/gcc/arm-none-eabi/8.2.1/../../../../arm-none-eabi/lib/thumb/v7-m/nofp/libstdc++_nano.a
LOAD /home/ialex/opt/xPacks/@gnu-mcu-eclipse/arm-none-eabi-gcc/8.2.1-1.4.1/.content/bin/../lib/gcc/arm-none-eabi/8.2.1/../../../../arm-none-eabi/lib/thumb/v7-m/nofp/libm.a
START GROUP
LOAD /home/ialex/opt/xPacks/@gnu-mcu-eclipse/arm-none-eabi-gcc/8.2.1-1.4.1/.content/bin/../lib/gcc/arm-none-eabi/8.2.1/thumb/v7-m/nofp/libgcc.a
LOAD /home/ialex/opt/xPacks/@gnu-mcu-eclipse/arm-none-eabi-gcc/8.2.1-1.4.1/.content/bin/../lib/gcc/arm-none-eabi/8.2.1/../../../../arm-none-eabi/lib/thumb/v7-m/nofp/libg_nano.a
LOAD /home/ialex/opt/xPacks/@gnu-mcu-eclipse/arm-none-eabi-gcc/8.2.1-1.4.1/.content/bin/../lib/gcc/arm-none-eabi/8.2.1/../../../../arm-none-eabi/lib/thumb/v7-m/nofp/libc_nano.a
END GROUP
START GROUP
LOAD /home/ialex/opt/xPacks/@gnu-mcu-eclipse/arm-none-eabi-gcc/8.2.1-1.4.1/.content/bin/../lib/gcc/arm-none-eabi/8.2.1/thumb/v7-m/nofp/libgcc.a
LOAD /home/ialex/opt/xPacks/@gnu-mcu-eclipse/arm-none-eabi-gcc/8.2.1-1.4.1/.content/bin/../lib/gcc/arm-none-eabi/8.2.1/../../../../arm-none-eabi/lib/thumb/v7-m/nofp/libc_nano.a
END GROUP
                0x0000000020005000                __stack = (ORIGIN (RAM) + LENGTH (RAM))
                0x0000000020005000                _estack = __stack
                0x0000000000000400                __Main_Stack_Size = 0x400
                [!provide]                        PROVIDE (_Main_Stack_Size = __Main_Stack_Size)
                0x0000000020004c00                __Main_Stack_Limit = (__stack - __Main_Stack_Size)
                [!provide]                        PROVIDE (_Main_Stack_Limit = __Main_Stack_Limit)
                0x0000000000000100                _Minimum_Stack_Size = 0x100
                0x0000000020000964                PROVIDE (_Heap_Begin = _end_noinit)
                0x0000000020004c00                PROVIDE (_Heap_Limit = (__stack - __Main_Stack_Size))

.isr_vector     0x0000000008000000      0x350
 FILL mask 0xff
                0x0000000008000000                __vectors_start = ABSOLUTE (.)
                0x0000000008000000                __vectors_start__ = ABSOLUTE (.)
 *(.isr_vector)
 .isr_vector    0x0000000008000000      0x10c ./system/src/cmsis/vectors_stm32f10x.o
                0x0000000008000000                __isr_vectors
 *(.cfmconfig)
 *(.after_vectors .after_vectors.*)
 .after_vectors
                0x000000000800010c      0x114 ./system/src/newlib/_startup.o
                0x000000000800010c                _start
 .after_vectors
                0x0000000008000220      0x12c ./system/src/cortexm/exception_handlers.o
                0x0000000008000220                Reset_Handler
                0x0000000008000226                NMI_Handler
                0x000000000800022a                HardFault_Handler
                0x000000000800023e                HardFault_Handler_C
                0x000000000800029c                MemManage_Handler
                0x00000000080002a0                BusFault_Handler
                0x00000000080002b4                BusFault_Handler_C
                0x00000000080002e8                UsageFault_Handler
                0x00000000080002fc                UsageFault_Handler_C
                0x0000000008000330                SVC_Handler
                0x0000000008000334                DebugMon_Handler
                0x0000000008000338                PendSV_Handler
 .after_vectors
                0x000000000800034c        0x4 ./system/src/cmsis/vectors_stm32f10x.o
                0x000000000800034c                EXTI2_IRQHandler
                0x000000000800034c                TIM8_TRG_COM_IRQHandler
                0x000000000800034c                TIM8_CC_IRQHandler
                0x000000000800034c                TIM1_CC_IRQHandler
                0x000000000800034c                TIM6_IRQHandler
                0x000000000800034c                PVD_IRQHandler
                0x000000000800034c                SDIO_IRQHandler
                0x000000000800034c                CAN2_RX1_IRQHandler
                0x000000000800034c                EXTI3_IRQHandler
                0x000000000800034c                TIM8_TRG_COM_TIM14_IRQHandler
                0x000000000800034c                TIM1_UP_TIM10_IRQHandler
                0x000000000800034c                TIM8_UP_TIM13_IRQHandler
                0x000000000800034c                EXTI0_IRQHandler
                0x000000000800034c                I2C2_EV_IRQHandler
                0x000000000800034c                CAN1_RX0_IRQHandler
                0x000000000800034c                TIM1_UP_TIM16_IRQHandler
                0x000000000800034c                CAN2_SCE_IRQHandler
                0x000000000800034c                ADC1_2_IRQHandler
                0x000000000800034c                SPI1_IRQHandler
                0x000000000800034c                TAMPER_IRQHandler
                0x000000000800034c                TIM6_DAC_IRQHandler
                0x000000000800034c                TIM1_BRK_TIM9_IRQHandler
                0x000000000800034c                CAN2_RX0_IRQHandler
                0x000000000800034c                TIM8_UP_IRQHandler
                0x000000000800034c                DMA2_Channel2_IRQHandler
                0x000000000800034c                DMA1_Channel4_IRQHandler
                0x000000000800034c                USART3_IRQHandler
                0x000000000800034c                RTC_IRQHandler
                0x000000000800034c                DMA1_Channel7_IRQHandler
                0x000000000800034c                CAN1_RX1_IRQHandler
                0x000000000800034c                UART5_IRQHandler
                0x000000000800034c                ADC3_IRQHandler
                0x000000000800034c                TIM4_IRQHandler
                0x000000000800034c                DMA2_Channel1_IRQHandler
                0x000000000800034c                I2C1_EV_IRQHandler
                0x000000000800034c                DMA1_Channel6_IRQHandler
                0x000000000800034c                UART4_IRQHandler
                0x000000000800034c                DMA2_Channel4_IRQHandler
                0x000000000800034c                TIM3_IRQHandler
                0x000000000800034c                RCC_IRQHandler
                0x000000000800034c                TIM8_BRK_TIM12_IRQHandler
                0x000000000800034c                TIM1_TRG_COM_IRQHandler
                0x000000000800034c                DMA1_Channel1_IRQHandler
                0x000000000800034c                Default_Handler
                0x000000000800034c                CEC_IRQHandler
                0x000000000800034c                TIM14_IRQHandler
                0x000000000800034c                TIM13_IRQHandler
                0x000000000800034c                TIM12_IRQHandler
                0x000000000800034c                TIM7_IRQHandler
                0x000000000800034c                CAN2_TX_IRQHandler
                0x000000000800034c                TIM5_IRQHandler
                0x000000000800034c                EXTI9_5_IRQHandler
                0x000000000800034c                ETH_WKUP_IRQHandler
                0x000000000800034c                SPI2_IRQHandler
                0x000000000800034c                CAN1_TX_IRQHandler
                0x000000000800034c                DMA2_Channel5_IRQHandler
                0x000000000800034c                DMA1_Channel5_IRQHandler
                0x000000000800034c                EXTI4_IRQHandler
                0x000000000800034c                USB_LP_CAN1_RX0_IRQHandler
                0x000000000800034c                TIM1_TRG_COM_TIM17_IRQHandler
                0x000000000800034c                USB_HP_CAN1_TX_IRQHandler
                0x000000000800034c                DMA1_Channel3_IRQHandler
                0x000000000800034c                FSMC_IRQHandler
                0x000000000800034c                ETH_IRQHandler
                0x000000000800034c                TIM1_UP_IRQHandler
                0x000000000800034c                WWDG_IRQHandler
                0x000000000800034c                OTG_FS_WKUP_IRQHandler
                0x000000000800034c                TIM1_TRG_COM_TIM11_IRQHandler
                0x000000000800034c                TIM1_BRK_IRQHandler
                0x000000000800034c                EXTI1_IRQHandler
                0x000000000800034c                RTCAlarm_IRQHandler
                0x000000000800034c                DMA2_Channel4_5_IRQHandler
                0x000000000800034c                USART2_IRQHandler
                0x000000000800034c                I2C2_ER_IRQHandler
                0x000000000800034c                DMA1_Channel2_IRQHandler
                0x000000000800034c                TIM8_BRK_IRQHandler
                0x000000000800034c                CAN1_SCE_IRQHandler
                0x000000000800034c                FLASH_IRQHandler
                0x000000000800034c                OTG_FS_IRQHandler
                0x000000000800034c                SPI3_IRQHandler
                0x000000000800034c                I2C1_ER_IRQHandler
                0x000000000800034c                USBWakeUp_IRQHandler
                0x000000000800034c                DMA2_Channel3_IRQHandler
                0x000000000800034c                TIM1_BRK_TIM15_IRQHandler

.inits          0x0000000008000350       0x28
                0x0000000008000350                __data_regions_array_start = .
                0x0000000008000350        0x4 LONG 0x80050d4 LOADADDR (.data)
                0x0000000008000354        0x4 LONG 0x20000000 ADDR (.data)
                0x0000000008000358        0x4 LONG 0x200000b8 (ADDR (.data) + SIZEOF (.data))
                0x000000000800035c        0x4 LONG 0x80050d4 LOADADDR (.data_CCMRAM)
                0x0000000008000360        0x4 LONG 0x0 ADDR (.data_CCMRAM)
                0x0000000008000364        0x4 LONG 0x0 (ADDR (.data_CCMRAM) + SIZEOF (.data_CCMRAM))
                0x0000000008000368                __data_regions_array_end = .
                0x0000000008000368                __bss_regions_array_start = .
                0x0000000008000368        0x4 LONG 0x200000b8 ADDR (.bss)
                0x000000000800036c        0x4 LONG 0x20000964 (ADDR (.bss) + SIZEOF (.bss))
                0x0000000008000370        0x4 LONG 0x0 ADDR (.bss_CCMRAM)
                0x0000000008000374        0x4 LONG 0x0 (ADDR (.bss_CCMRAM) + SIZEOF (.bss_CCMRAM))
                0x0000000008000378                __bss_regions_array_end = .
 *(.init)
 *(.fini)
                0x0000000008000378                . = ALIGN (0x4)
                0x0000000008000378                PROVIDE (__preinit_array_start = .)
 *(.preinit_array_sysinit .preinit_array_sysinit.*)
 *(.preinit_array_platform .preinit_array_platform.*)
 *(.preinit_array .preinit_array.*)
                0x0000000008000378                PROVIDE (__preinit_array_end = .)
                0x0000000008000378                . = ALIGN (0x4)
                0x0000000008000378                PROVIDE (__init_array_start = .)
 *(SORT_BY_NAME(.init_array.*))
 *(.init_array)
                0x0000000008000378                PROVIDE (__init_array_end = .)
                0x0000000008000378                . = ALIGN (0x4)
                0x0000000008000378                PROVIDE (__fini_array_start = .)
 *(SORT_BY_NAME(.fini_array.*))
 *(.fini_array)
                0x0000000008000378                PROVIDE (__fini_array_end = .)

.flashtext
 *(.flashtext .flashtext.*)

.text           0x0000000008000378     0x4d5b
 *(.text .text.*)
 .text.NVIC_Init
                0x0000000008000378       0x98 ./system/src/stm32f1-stdperiph/misc.o
                0x0000000008000378                NVIC_Init
 .text.ADC_Init
                0x0000000008000410      0x134 ./system/src/stm32f1-stdperiph/stm32f10x_adc.o
                0x0000000008000410                ADC_Init
 .text.ADC_Cmd  0x0000000008000544       0x54 ./system/src/stm32f1-stdperiph/stm32f10x_adc.o
                0x0000000008000544                ADC_Cmd
 .text.ADC_ResetCalibration
                0x0000000008000598       0x38 ./system/src/stm32f1-stdperiph/stm32f10x_adc.o
                0x0000000008000598                ADC_ResetCalibration
 .text.ADC_GetResetCalibrationStatus
                0x00000000080005d0       0x3c ./system/src/stm32f1-stdperiph/stm32f10x_adc.o
                0x00000000080005d0                ADC_GetResetCalibrationStatus
 .text.ADC_StartCalibration
                0x000000000800060c       0x38 ./system/src/stm32f1-stdperiph/stm32f10x_adc.o
                0x000000000800060c                ADC_StartCalibration
 .text.ADC_GetCalibrationStatus
                0x0000000008000644       0x3c ./system/src/stm32f1-stdperiph/stm32f10x_adc.o
                0x0000000008000644                ADC_GetCalibrationStatus
 .text.ADC_SoftwareStartConvCmd
                0x0000000008000680       0x54 ./system/src/stm32f1-stdperiph/stm32f10x_adc.o
                0x0000000008000680                ADC_SoftwareStartConvCmd
 .text.ADC_RegularChannelConfig
                0x00000000080006d4       0xf0 ./system/src/stm32f1-stdperiph/stm32f10x_adc.o
                0x00000000080006d4                ADC_RegularChannelConfig
 .text.ADC_GetConversionValue
                0x00000000080007c4       0x34 ./system/src/stm32f1-stdperiph/stm32f10x_adc.o
                0x00000000080007c4                ADC_GetConversionValue
 .text.EXTI_Init
                0x00000000080007f8       0xdc ./system/src/stm32f1-stdperiph/stm32f10x_exti.o
                0x00000000080007f8                EXTI_Init
 .text.EXTI_GetITStatus
                0x00000000080008d4       0x98 ./system/src/stm32f1-stdperiph/stm32f10x_exti.o
                0x00000000080008d4                EXTI_GetITStatus
 .text.EXTI_ClearITPendingBit
                0x000000000800096c       0x24 ./system/src/stm32f1-stdperiph/stm32f10x_exti.o
                0x000000000800096c                EXTI_ClearITPendingBit
 .text.GPIO_Init
                0x0000000008000990      0x134 ./system/src/stm32f1-stdperiph/stm32f10x_gpio.o
                0x0000000008000990                GPIO_Init
 .text.GPIO_EXTILineConfig
                0x0000000008000ac4       0x5c ./system/src/stm32f1-stdperiph/stm32f10x_gpio.o
                0x0000000008000ac4                GPIO_EXTILineConfig
 .text.RCC_DeInit
                0x0000000008000b20       0x40 ./system/src/stm32f1-stdperiph/stm32f10x_rcc.o
                0x0000000008000b20                RCC_DeInit
 .text.RCC_HSEConfig
                0x0000000008000b60       0x60 ./system/src/stm32f1-stdperiph/stm32f10x_rcc.o
                0x0000000008000b60                RCC_HSEConfig
 .text.RCC_PLLConfig
                0x0000000008000bc0       0x9c ./system/src/stm32f1-stdperiph/stm32f10x_rcc.o
                0x0000000008000bc0                RCC_PLLConfig
 .text.RCC_PLLCmd
                0x0000000008000c5c       0x24 ./system/src/stm32f1-stdperiph/stm32f10x_rcc.o
                0x0000000008000c5c                RCC_PLLCmd
 .text.RCC_SYSCLKConfig
                0x0000000008000c80       0x2c ./system/src/stm32f1-stdperiph/stm32f10x_rcc.o
                0x0000000008000c80                RCC_SYSCLKConfig
 .text.RCC_GetSYSCLKSource
                0x0000000008000cac       0x10 ./system/src/stm32f1-stdperiph/stm32f10x_rcc.o
                0x0000000008000cac                RCC_GetSYSCLKSource
 .text.RCC_HCLKConfig
                0x0000000008000cbc       0x48 ./system/src/stm32f1-stdperiph/stm32f10x_rcc.o
                0x0000000008000cbc                RCC_HCLKConfig
 .text.RCC_PCLK1Config
                0x0000000008000d04       0x40 ./system/src/stm32f1-stdperiph/stm32f10x_rcc.o
                0x0000000008000d04                RCC_PCLK1Config
 .text.RCC_PCLK2Config
                0x0000000008000d44       0x44 ./system/src/stm32f1-stdperiph/stm32f10x_rcc.o
                0x0000000008000d44                RCC_PCLK2Config
 .text.RCC_ADCCLKConfig
                0x0000000008000d88       0x3c ./system/src/stm32f1-stdperiph/stm32f10x_rcc.o
                0x0000000008000d88                RCC_ADCCLKConfig
 .text.RCC_GetClocksFreq
                0x0000000008000dc4       0xbc ./system/src/stm32f1-stdperiph/stm32f10x_rcc.o
                0x0000000008000dc4                RCC_GetClocksFreq
 .text.RCC_APB2PeriphClockCmd
                0x0000000008000e80       0x4c ./system/src/stm32f1-stdperiph/stm32f10x_rcc.o
                0x0000000008000e80                RCC_APB2PeriphClockCmd
 .text.RCC_APB1PeriphClockCmd
                0x0000000008000ecc       0x4c ./system/src/stm32f1-stdperiph/stm32f10x_rcc.o
                0x0000000008000ecc                RCC_APB1PeriphClockCmd
 .text.RCC_GetFlagStatus
                0x0000000008000f18       0x74 ./system/src/stm32f1-stdperiph/stm32f10x_rcc.o
                0x0000000008000f18                RCC_GetFlagStatus
 .text.RCC_WaitForHSEStartUp
                0x0000000008000f8c       0x34 ./system/src/stm32f1-stdperiph/stm32f10x_rcc.o
                0x0000000008000f8c                RCC_WaitForHSEStartUp
 .text.TIM_TimeBaseInit
                0x0000000008000fc0      0x160 ./system/src/stm32f1-stdperiph/stm32f10x_tim.o
                0x0000000008000fc0                TIM_TimeBaseInit
 .text.TIM_OC3Init
                0x0000000008001120      0x170 ./system/src/stm32f1-stdperiph/stm32f10x_tim.o
                0x0000000008001120                TIM_OC3Init
 .text.TIM_Cmd  0x0000000008001290       0xc8 ./system/src/stm32f1-stdperiph/stm32f10x_tim.o
                0x0000000008001290                TIM_Cmd
 .text.TIM_ITConfig
                0x0000000008001358       0xd4 ./system/src/stm32f1-stdperiph/stm32f10x_tim.o
                0x0000000008001358                TIM_ITConfig
 .text.TIM_ARRPreloadConfig
                0x000000000800142c       0xc8 ./system/src/stm32f1-stdperiph/stm32f10x_tim.o
                0x000000000800142c                TIM_ARRPreloadConfig
 .text.TIM_OC3PreloadConfig
                0x00000000080014f4       0x64 ./system/src/stm32f1-stdperiph/stm32f10x_tim.o
                0x00000000080014f4                TIM_OC3PreloadConfig
 .text.USART_Init
                0x0000000008001558      0x1b8 ./system/src/stm32f1-stdperiph/stm32f10x_usart.o
                0x0000000008001558                USART_Init
 .text.USART_Cmd
                0x0000000008001710       0x68 ./system/src/stm32f1-stdperiph/stm32f10x_usart.o
                0x0000000008001710                USART_Cmd
 .text.USART_ITConfig
                0x0000000008001778       0xf4 ./system/src/stm32f1-stdperiph/stm32f10x_usart.o
                0x0000000008001778                USART_ITConfig
 .text.USART_ReceiveData
                0x000000000800186c       0x44 ./system/src/stm32f1-stdperiph/stm32f10x_usart.o
                0x000000000800186c                USART_ReceiveData
 .text.USART_GetITStatus
                0x00000000080018b0       0xfc ./system/src/stm32f1-stdperiph/stm32f10x_usart.o
                0x00000000080018b0                USART_GetITStatus
 .text.USART_ClearITPendingBit
                0x00000000080019ac       0xa4 ./system/src/stm32f1-stdperiph/stm32f10x_usart.o
                0x00000000080019ac                USART_ClearITPendingBit
 .text._exit    0x0000000008001a50        0x2 ./system/src/newlib/_exit.o
                0x0000000008001a50                _exit
 *fill*         0x0000000008001a52        0x2 
 .text.abort    0x0000000008001a54       0x14 ./system/src/newlib/_exit.o
                0x0000000008001a54                abort
 .text._sbrk    0x0000000008001a68       0x44 ./system/src/newlib/_sbrk.o
                0x0000000008001a68                _sbrk
 .text.__initialize_args
                0x0000000008001aac       0x10 ./system/src/newlib/_syscalls.o
                0x0000000008001aac                __initialize_args
 .text.assert_failed
                0x0000000008001abc       0x14 ./system/src/newlib/assert.o
                0x0000000008001abc                assert_failed
 .text.trace_printf
                0x0000000008001ad0       0x34 ./system/src/diag/Trace.o
                0x0000000008001ad0                trace_printf
 .text.trace_puts
                0x0000000008001b04       0x20 ./system/src/diag/Trace.o
                0x0000000008001b04                trace_puts
 .text._trace_write_semihosting_debug
                0x0000000008001b24       0x60 ./system/src/diag/trace_impl.o
 .text.trace_write
                0x0000000008001b84        0x8 ./system/src/diag/trace_impl.o
                0x0000000008001b84                trace_write
 .text.__initialize_hardware_early
                0x0000000008001b8c       0x18 ./system/src/cortexm/_initialize_hardware.o
                0x0000000008001b8c                __initialize_hardware_early
 .text.__initialize_hardware
                0x0000000008001ba4        0x8 ./system/src/cortexm/_initialize_hardware.o
                0x0000000008001ba4                __initialize_hardware
 .text.dumpExceptionStack
                0x0000000008001bac       0xf4 ./system/src/cortexm/exception_handlers.o
                0x0000000008001bac                dumpExceptionStack
 .text.isSemihosting
                0x0000000008001ca0       0x20 ./system/src/cortexm/exception_handlers.o
                0x0000000008001ca0                isSemihosting
 .text.SetSysClockTo72
                0x0000000008001cc0       0xc4 ./system/src/cmsis/system_stm32f10x.o
 .text.SetSysClock
                0x0000000008001d84        0x8 ./system/src/cmsis/system_stm32f10x.o
 .text.SystemInit
                0x0000000008001d8c       0x50 ./system/src/cmsis/system_stm32f10x.o
                0x0000000008001d8c                SystemInit
 .text.SystemCoreClockUpdate
                0x0000000008001ddc       0x94 ./system/src/cmsis/system_stm32f10x.o
                0x0000000008001ddc                SystemCoreClockUpdate
 .text.interupt_Config
                0x0000000008001e70       0x5c ./src/main.o
                0x0000000008001e70                interupt_Config
 .text.EXTI15_10_IRQHandler
                0x0000000008001ecc       0x24 ./src/main.o
                0x0000000008001ecc                EXTI15_10_IRQHandler
 .text.init_timer
                0x0000000008001ef0       0x3c ./src/main.o
                0x0000000008001ef0                init_timer
 .text.SysTick_Handler
                0x0000000008001f2c       0x14 ./src/main.o
                0x0000000008001f2c                SysTick_Handler
 .text.SetSysClockTo72
                0x0000000008001f40       0x58 ./src/main.o
                0x0000000008001f40                SetSysClockTo72
 .text.ADC_init
                0x0000000008001f98       0xa0 ./src/main.o
                0x0000000008001f98                ADC_init
 .text.init_tim2
                0x0000000008002038       0x6c ./src/main.o
                0x0000000008002038                init_tim2
 .text.TIM2_IRQHandler
                0x00000000080020a4       0x28 ./src/main.o
                0x00000000080020a4                TIM2_IRQHandler
 .text.init_tim4_pwm
                0x00000000080020cc       0x98 ./src/main.o
                0x00000000080020cc                init_tim4_pwm
 .text.get_db_value
                0x0000000008002164       0x3c ./src/main.o
                0x0000000008002164                get_db_value
 .text.get_gauge_pwm
                0x00000000080021a0       0x60 ./src/main.o
                0x00000000080021a0                get_gauge_pwm
 .text.init_backlight
                0x0000000008002200       0x30 ./src/main.o
                0x0000000008002200                init_backlight
 .text.main     0x0000000008002230       0xc8 ./src/main.o
                0x0000000008002230                main
 .text.createQueue
                0x00000000080022f8       0x24 ./src/queue.o
                0x00000000080022f8                createQueue
 .text.isFull   0x000000000800231c        0xe ./src/queue.o
                0x000000000800231c                isFull
 .text.isEmpty  0x000000000800232a        0xa ./src/queue.o
                0x000000000800232a                isEmpty
 .text.enqueue  0x0000000008002334       0x2a ./src/queue.o
                0x0000000008002334                enqueue
 .text.dequeue  0x000000000800235e       0x2c ./src/queue.o
                0x000000000800235e                dequeue
 *fill*         0x000000000800238a        0x2 
 .text.init_usart1
                0x000000000800238c       0xcc ./src/usart.o
                0x000000000800238c                init_usart1
 .text.USART1_IRQHandler
                0x0000000008002458       0x40 ./src/usart.o
                0x0000000008002458                USART1_IRQHandler
 .text.data_available
                0x0000000008002498       0x18 ./src/usart.o
                0x0000000008002498                data_available
 .text.get_data
                0x00000000080024b0       0x14 ./src/usart.o
                0x00000000080024b0                get_data
 .text.pow      0x00000000080024c4      0x320 /home/ialex/opt/xPacks/@gnu-mcu-eclipse/arm-none-eabi-gcc/8.2.1-1.4.1/.content/bin/../lib/gcc/arm-none-eabi/8.2.1/../../../../arm-none-eabi/lib/thumb/v7-m/nofp/libm.a(lib_a-w_pow.o)
                0x00000000080024c4                pow
 *fill*         0x00000000080027e4        0x4 
 .text.__ieee754_pow
                0x00000000080027e8      0xaa4 /home/ialex/opt/xPacks/@gnu-mcu-eclipse/arm-none-eabi-gcc/8.2.1-1.4.1/.content/bin/../lib/gcc/arm-none-eabi/8.2.1/../../../../arm-none-eabi/lib/thumb/v7-m/nofp/libm.a(lib_a-e_pow.o)
                0x00000000080027e8                __ieee754_pow
 .text.__ieee754_sqrt
                0x000000000800328c      0x184 /home/ialex/opt/xPacks/@gnu-mcu-eclipse/arm-none-eabi-gcc/8.2.1-1.4.1/.content/bin/../lib/gcc/arm-none-eabi/8.2.1/../../../../arm-none-eabi/lib/thumb/v7-m/nofp/libm.a(lib_a-e_sqrt.o)
                0x000000000800328c                __ieee754_sqrt
 .text.fabs     0x0000000008003410        0x8 /home/ialex/opt/xPacks/@gnu-mcu-eclipse/arm-none-eabi-gcc/8.2.1-1.4.1/.content/bin/../lib/gcc/arm-none-eabi/8.2.1/../../../../arm-none-eabi/lib/thumb/v7-m/nofp/libm.a(lib_a-s_fabs.o)
                0x0000000008003410                fabs
 .text.finite   0x0000000008003418        0xc /home/ialex/opt/xPacks/@gnu-mcu-eclipse/arm-none-eabi-gcc/8.2.1-1.4.1/.content/bin/../lib/gcc/arm-none-eabi/8.2.1/../../../../arm-none-eabi/lib/thumb/v7-m/nofp/libm.a(lib_a-s_finite.o)
                0x0000000008003418                finite
 .text.matherr  0x0000000008003424        0x4 /home/ialex/opt/xPacks/@gnu-mcu-eclipse/arm-none-eabi-gcc/8.2.1-1.4.1/.content/bin/../lib/gcc/arm-none-eabi/8.2.1/../../../../arm-none-eabi/lib/thumb/v7-m/nofp/libm.a(lib_a-s_matherr.o)
                0x0000000008003424                matherr
 .text.nan      0x0000000008003428        0xc /home/ialex/opt/xPacks/@gnu-mcu-eclipse/arm-none-eabi-gcc/8.2.1-1.4.1/.content/bin/../lib/gcc/arm-none-eabi/8.2.1/../../../../arm-none-eabi/lib/thumb/v7-m/nofp/libm.a(lib_a-s_nan.o)
                0x0000000008003428                nan
 .text.rint     0x0000000008003434      0x114 /home/ialex/opt/xPacks/@gnu-mcu-eclipse/arm-none-eabi-gcc/8.2.1-1.4.1/.content/bin/../lib/gcc/arm-none-eabi/8.2.1/../../../../arm-none-eabi/lib/thumb/v7-m/nofp/libm.a(lib_a-s_rint.o)
                0x0000000008003434                rint
 .text.scalbn   0x0000000008003548       0xf4 /home/ialex/opt/xPacks/@gnu-mcu-eclipse/arm-none-eabi-gcc/8.2.1-1.4.1/.content/bin/../lib/gcc/arm-none-eabi/8.2.1/../../../../arm-none-eabi/lib/thumb/v7-m/nofp/libm.a(lib_a-s_scalbn.o)
                0x0000000008003548                scalbn
 .text          0x000000000800363c      0x378 /home/ialex/opt/xPacks/@gnu-mcu-eclipse/arm-none-eabi-gcc/8.2.1-1.4.1/.content/bin/../lib/gcc/arm-none-eabi/8.2.1/thumb/v7-m/nofp/libgcc.a(_arm_addsubdf3.o)
                0x000000000800363c                __aeabi_drsub
                0x0000000008003644                __aeabi_dsub
                0x0000000008003644                __subdf3
                0x0000000008003648                __adddf3
                0x0000000008003648                __aeabi_dadd
                0x00000000080038c0                __aeabi_ui2d
                0x00000000080038c0                __floatunsidf
                0x00000000080038e0                __floatsidf
                0x00000000080038e0                __aeabi_i2d
                0x0000000008003904                __extendsfdf2
                0x0000000008003904                __aeabi_f2d
                0x0000000008003948                __aeabi_ul2d
                0x0000000008003948                __floatundidf
                0x0000000008003958                __floatdidf
                0x0000000008003958                __aeabi_l2d
 .text          0x00000000080039b4      0x424 /home/ialex/opt/xPacks/@gnu-mcu-eclipse/arm-none-eabi-gcc/8.2.1-1.4.1/.content/bin/../lib/gcc/arm-none-eabi/8.2.1/thumb/v7-m/nofp/libgcc.a(_arm_muldivdf3.o)
                0x00000000080039b4                __aeabi_dmul
                0x00000000080039b4                __muldf3
                0x0000000008003c08                __aeabi_ddiv
                0x0000000008003c08                __divdf3
 .text          0x0000000008003dd8      0x110 /home/ialex/opt/xPacks/@gnu-mcu-eclipse/arm-none-eabi-gcc/8.2.1-1.4.1/.content/bin/../lib/gcc/arm-none-eabi/8.2.1/thumb/v7-m/nofp/libgcc.a(_arm_cmpdf2.o)
                0x0000000008003dd8                __gtdf2
                0x0000000008003dd8                __gedf2
                0x0000000008003de0                __ltdf2
                0x0000000008003de0                __ledf2
                0x0000000008003de8                __cmpdf2
                0x0000000008003de8                __eqdf2
                0x0000000008003de8                __nedf2
                0x0000000008003e64                __aeabi_cdrcmple
                0x0000000008003e74                __aeabi_cdcmple
                0x0000000008003e74                __aeabi_cdcmpeq
                0x0000000008003e84                __aeabi_dcmpeq
                0x0000000008003e98                __aeabi_dcmplt
                0x0000000008003eac                __aeabi_dcmple
                0x0000000008003ec0                __aeabi_dcmpge
                0x0000000008003ed4                __aeabi_dcmpgt
 .text          0x0000000008003ee8       0x2c /home/ialex/opt/xPacks/@gnu-mcu-eclipse/arm-none-eabi-gcc/8.2.1-1.4.1/.content/bin/../lib/gcc/arm-none-eabi/8.2.1/thumb/v7-m/nofp/libgcc.a(_arm_unorddf2.o)
                0x0000000008003ee8                __aeabi_dcmpun
                0x0000000008003ee8                __unorddf2
 .text          0x0000000008003f14       0xa0 /home/ialex/opt/xPacks/@gnu-mcu-eclipse/arm-none-eabi-gcc/8.2.1-1.4.1/.content/bin/../lib/gcc/arm-none-eabi/8.2.1/thumb/v7-m/nofp/libgcc.a(_arm_truncdfsf2.o)
                0x0000000008003f14                __aeabi_d2f
                0x0000000008003f14                __truncdfsf2
 .text          0x0000000008003fb4      0x21c /home/ialex/opt/xPacks/@gnu-mcu-eclipse/arm-none-eabi-gcc/8.2.1-1.4.1/.content/bin/../lib/gcc/arm-none-eabi/8.2.1/thumb/v7-m/nofp/libgcc.a(_arm_addsubsf3.o)
                0x0000000008003fb4                __aeabi_frsub
                0x0000000008003fbc                __subsf3
                0x0000000008003fbc                __aeabi_fsub
                0x0000000008003fc0                __aeabi_fadd
                0x0000000008003fc0                __addsf3
                0x0000000008004120                __aeabi_ui2f
                0x0000000008004120                __floatunsisf
                0x0000000008004128                __aeabi_i2f
                0x0000000008004128                __floatsisf
                0x0000000008004144                __floatundisf
                0x0000000008004144                __aeabi_ul2f
                0x0000000008004154                __floatdisf
                0x0000000008004154                __aeabi_l2f
 .text          0x00000000080041d0      0x2a0 /home/ialex/opt/xPacks/@gnu-mcu-eclipse/arm-none-eabi-gcc/8.2.1-1.4.1/.content/bin/../lib/gcc/arm-none-eabi/8.2.1/thumb/v7-m/nofp/libgcc.a(_arm_muldivsf3.o)
                0x00000000080041d0                __mulsf3
                0x00000000080041d0                __aeabi_fmul
                0x0000000008004338                __divsf3
                0x0000000008004338                __aeabi_fdiv
 .text          0x0000000008004470       0x4c /home/ialex/opt/xPacks/@gnu-mcu-eclipse/arm-none-eabi-gcc/8.2.1-1.4.1/.content/bin/../lib/gcc/arm-none-eabi/8.2.1/thumb/v7-m/nofp/libgcc.a(_arm_fixsfsi.o)
                0x0000000008004470                __fixsfsi
                0x0000000008004470                __aeabi_f2iz
 .text          0x00000000080044bc       0x40 /home/ialex/opt/xPacks/@gnu-mcu-eclipse/arm-none-eabi-gcc/8.2.1-1.4.1/.content/bin/../lib/gcc/arm-none-eabi/8.2.1/thumb/v7-m/nofp/libgcc.a(_arm_fixunssfsi.o)
                0x00000000080044bc                __aeabi_f2uiz
                0x00000000080044bc                __fixunssfsi
 .text.__errno  0x00000000080044fc        0xc /home/ialex/opt/xPacks/@gnu-mcu-eclipse/arm-none-eabi-gcc/8.2.1-1.4.1/.content/bin/../lib/gcc/arm-none-eabi/8.2.1/../../../../arm-none-eabi/lib/thumb/v7-m/nofp/libg_nano.a(lib_a-errno.o)
                0x00000000080044fc                __errno
 .text.malloc   0x0000000008004508       0x10 /home/ialex/opt/xPacks/@gnu-mcu-eclipse/arm-none-eabi-gcc/8.2.1-1.4.1/.content/bin/../lib/gcc/arm-none-eabi/8.2.1/../../../../arm-none-eabi/lib/thumb/v7-m/nofp/libg_nano.a(lib_a-malloc.o)
                0x0000000008004508                malloc
 .text._free_r  0x0000000008004518       0x98 /home/ialex/opt/xPacks/@gnu-mcu-eclipse/arm-none-eabi-gcc/8.2.1-1.4.1/.content/bin/../lib/gcc/arm-none-eabi/8.2.1/../../../../arm-none-eabi/lib/thumb/v7-m/nofp/libg_nano.a(lib_a-nano-freer.o)
                0x0000000008004518                _free_r
 .text._malloc_r
                0x00000000080045b0       0xb4 /home/ialex/opt/xPacks/@gnu-mcu-eclipse/arm-none-eabi-gcc/8.2.1-1.4.1/.content/bin/../lib/gcc/arm-none-eabi/8.2.1/../../../../arm-none-eabi/lib/thumb/v7-m/nofp/libg_nano.a(lib_a-nano-mallocr.o)
                0x00000000080045b0                _malloc_r
 .text._sbrk_r  0x0000000008004664       0x20 /home/ialex/opt/xPacks/@gnu-mcu-eclipse/arm-none-eabi-gcc/8.2.1-1.4.1/.content/bin/../lib/gcc/arm-none-eabi/8.2.1/../../../../arm-none-eabi/lib/thumb/v7-m/nofp/libg_nano.a(lib_a-sbrkr.o)
                0x0000000008004664                _sbrk_r
 .text          0x0000000008004684       0x10 /home/ialex/opt/xPacks/@gnu-mcu-eclipse/arm-none-eabi-gcc/8.2.1-1.4.1/.content/bin/../lib/gcc/arm-none-eabi/8.2.1/../../../../arm-none-eabi/lib/thumb/v7-m/nofp/libg_nano.a(lib_a-strlen.o)
                0x0000000008004684                strlen
 .text._vsnprintf_r
                0x0000000008004694       0x58 /home/ialex/opt/xPacks/@gnu-mcu-eclipse/arm-none-eabi-gcc/8.2.1-1.4.1/.content/bin/../lib/gcc/arm-none-eabi/8.2.1/../../../../arm-none-eabi/lib/thumb/v7-m/nofp/libg_nano.a(lib_a-vsnprintf.o)
                0x0000000008004694                _vsnprintf_r
                0x0000000008004694                _vsniprintf_r
 .text.vsnprintf
                0x00000000080046ec       0x1c /home/ialex/opt/xPacks/@gnu-mcu-eclipse/arm-none-eabi-gcc/8.2.1-1.4.1/.content/bin/../lib/gcc/arm-none-eabi/8.2.1/../../../../arm-none-eabi/lib/thumb/v7-m/nofp/libg_nano.a(lib_a-vsnprintf.o)
                0x00000000080046ec                vsnprintf
                0x00000000080046ec                vsniprintf
 .text.__malloc_lock
                0x0000000008004708        0xc /home/ialex/opt/xPacks/@gnu-mcu-eclipse/arm-none-eabi-gcc/8.2.1-1.4.1/.content/bin/../lib/gcc/arm-none-eabi/8.2.1/../../../../arm-none-eabi/lib/thumb/v7-m/nofp/libg_nano.a(lib_a-mlock.o)
                0x0000000008004708                __malloc_lock
 .text.__malloc_unlock
                0x0000000008004714        0xc /home/ialex/opt/xPacks/@gnu-mcu-eclipse/arm-none-eabi-gcc/8.2.1-1.4.1/.content/bin/../lib/gcc/arm-none-eabi/8.2.1/../../../../arm-none-eabi/lib/thumb/v7-m/nofp/libg_nano.a(lib_a-mlock.o)
                0x0000000008004714                __malloc_unlock
 .text.__ssputs_r
                0x0000000008004720       0xb6 /home/ialex/opt/xPacks/@gnu-mcu-eclipse/arm-none-eabi-gcc/8.2.1-1.4.1/.content/bin/../lib/gcc/arm-none-eabi/8.2.1/../../../../arm-none-eabi/lib/thumb/v7-m/nofp/libg_nano.a(lib_a-nano-svfprintf.o)
                0x0000000008004720                __ssputs_r
 *fill*         0x00000000080047d6        0x2 
 .text._svfprintf_r
                0x00000000080047d8      0x1f0 /home/ialex/opt/xPacks/@gnu-mcu-eclipse/arm-none-eabi-gcc/8.2.1-1.4.1/.content/bin/../lib/gcc/arm-none-eabi/8.2.1/../../../../arm-none-eabi/lib/thumb/v7-m/nofp/libg_nano.a(lib_a-nano-svfprintf.o)
                0x00000000080047d8                _svfprintf_r
                0x00000000080047d8                _svfiprintf_r
 .text._printf_common
                0x00000000080049c8       0xec /home/ialex/opt/xPacks/@gnu-mcu-eclipse/arm-none-eabi-gcc/8.2.1-1.4.1/.content/bin/../lib/gcc/arm-none-eabi/8.2.1/../../../../arm-none-eabi/lib/thumb/v7-m/nofp/libg_nano.a(lib_a-nano-vfprintf_i.o)
                0x00000000080049c8                _printf_common
 .text._printf_i
                0x0000000008004ab4      0x22c /home/ialex/opt/xPacks/@gnu-mcu-eclipse/arm-none-eabi-gcc/8.2.1-1.4.1/.content/bin/../lib/gcc/arm-none-eabi/8.2.1/../../../../arm-none-eabi/lib/thumb/v7-m/nofp/libg_nano.a(lib_a-nano-vfprintf_i.o)
                0x0000000008004ab4                _printf_i
 .text.__retarget_lock_acquire_recursive
                0x0000000008004ce0        0x2 /home/ialex/opt/xPacks/@gnu-mcu-eclipse/arm-none-eabi-gcc/8.2.1-1.4.1/.content/bin/../lib/gcc/arm-none-eabi/8.2.1/../../../../arm-none-eabi/lib/thumb/v7-m/nofp/libg_nano.a(lib_a-lock.o)
                0x0000000008004ce0                __retarget_lock_acquire_recursive
 .text.__retarget_lock_release_recursive
                0x0000000008004ce2        0x2 /home/ialex/opt/xPacks/@gnu-mcu-eclipse/arm-none-eabi-gcc/8.2.1-1.4.1/.content/bin/../lib/gcc/arm-none-eabi/8.2.1/../../../../arm-none-eabi/lib/thumb/v7-m/nofp/libg_nano.a(lib_a-lock.o)
                0x0000000008004ce2                __retarget_lock_release_recursive
 .text.memchr   0x0000000008004ce4       0x1c /home/ialex/opt/xPacks/@gnu-mcu-eclipse/arm-none-eabi-gcc/8.2.1-1.4.1/.content/bin/../lib/gcc/arm-none-eabi/8.2.1/../../../../arm-none-eabi/lib/thumb/v7-m/nofp/libg_nano.a(lib_a-memchr-stub.o)
                0x0000000008004ce4                memchr
 .text.memcpy   0x0000000008004d00       0x1c /home/ialex/opt/xPacks/@gnu-mcu-eclipse/arm-none-eabi-gcc/8.2.1-1.4.1/.content/bin/../lib/gcc/arm-none-eabi/8.2.1/../../../../arm-none-eabi/lib/thumb/v7-m/nofp/libg_nano.a(lib_a-memcpy-stub.o)
                0x0000000008004d00                memcpy
 .text.memmove  0x0000000008004d1c       0x34 /home/ialex/opt/xPacks/@gnu-mcu-eclipse/arm-none-eabi-gcc/8.2.1-1.4.1/.content/bin/../lib/gcc/arm-none-eabi/8.2.1/../../../../arm-none-eabi/lib/thumb/v7-m/nofp/libg_nano.a(lib_a-memmove.o)
                0x0000000008004d1c                memmove
 .text._realloc_r
                0x0000000008004d50       0x4c /home/ialex/opt/xPacks/@gnu-mcu-eclipse/arm-none-eabi-gcc/8.2.1-1.4.1/.content/bin/../lib/gcc/arm-none-eabi/8.2.1/../../../../arm-none-eabi/lib/thumb/v7-m/nofp/libg_nano.a(lib_a-nano-reallocr.o)
                0x0000000008004d50                _realloc_r
 .text._malloc_usable_size_r
                0x0000000008004d9c       0x10 /home/ialex/opt/xPacks/@gnu-mcu-eclipse/arm-none-eabi-gcc/8.2.1-1.4.1/.content/bin/../lib/gcc/arm-none-eabi/8.2.1/../../../../arm-none-eabi/lib/thumb/v7-m/nofp/libg_nano.a(lib_a-nano-msizer.o)
                0x0000000008004d9c                _malloc_usable_size_r
 *(.rodata .rodata.* .constdata .constdata.*)
 .rodata.NVIC_PriorityGroupConfig.str1.4
                0x0000000008004dac       0x27 ./system/src/stm32f1-stdperiph/misc.o
 *fill*         0x0000000008004dd3        0x1 
 .rodata.ADC_DeInit.str1.4
                0x0000000008004dd4       0x30 ./system/src/stm32f1-stdperiph/stm32f10x_adc.o
 .rodata.EXTI_Init.str1.4
                0x0000000008004e04       0x31 ./system/src/stm32f1-stdperiph/stm32f10x_exti.o
 *fill*         0x0000000008004e35        0x3 
 .rodata.GPIO_DeInit.str1.4
                0x0000000008004e38       0x31 ./system/src/stm32f1-stdperiph/stm32f10x_gpio.o
 *fill*         0x0000000008004e69        0x3 
 .rodata.RCC_HSEConfig.str1.4
                0x0000000008004e6c       0x30 ./system/src/stm32f1-stdperiph/stm32f10x_rcc.o
 .rodata.TIM_DeInit.str1.4
                0x0000000008004e9c       0x30 ./system/src/stm32f1-stdperiph/stm32f10x_tim.o
 .rodata.USART_DeInit.str1.4
                0x0000000008004ecc       0x32 ./system/src/stm32f1-stdperiph/stm32f10x_usart.o
 *fill*         0x0000000008004efe        0x2 
 .rodata.abort.str1.4
                0x0000000008004f00       0x14 ./system/src/newlib/_exit.o
 .rodata.assert_failed.str1.4
                0x0000000008004f14       0x2b ./system/src/newlib/assert.o
 .rodata.trace_puts.str1.4
                0x0000000008004f3f       0x2b ./system/src/diag/Trace.o
                                          0x2 (size before relaxing)
 *fill*         0x0000000008004f3f        0x1 
 .rodata.dumpExceptionStack.str1.4
                0x0000000008004f40      0x11a ./system/src/cortexm/exception_handlers.o
 *fill*         0x000000000800505a        0x2 
 .rodata.str1.4
                0x000000000800505c       0x2a ./system/src/cortexm/exception_handlers.o
 *fill*         0x0000000008005086        0x2 
 .rodata.pow.str1.4
                0x0000000008005088        0x4 /home/ialex/opt/xPacks/@gnu-mcu-eclipse/arm-none-eabi-gcc/8.2.1-1.4.1/.content/bin/../lib/gcc/arm-none-eabi/8.2.1/../../../../arm-none-eabi/lib/thumb/v7-m/nofp/libm.a(lib_a-w_pow.o)
 .rodata.__ieee754_pow.str1.4
                0x000000000800508c        0x4 /home/ialex/opt/xPacks/@gnu-mcu-eclipse/arm-none-eabi-gcc/8.2.1-1.4.1/.content/bin/../lib/gcc/arm-none-eabi/8.2.1/../../../../arm-none-eabi/lib/thumb/v7-m/nofp/libm.a(lib_a-e_pow.o)
                                          0x1 (size before relaxing)
 *fill*         0x000000000800508c        0x4 
 .rodata.TWO52  0x0000000008005090       0x10 /home/ialex/opt/xPacks/@gnu-mcu-eclipse/arm-none-eabi-gcc/8.2.1-1.4.1/.content/bin/../lib/gcc/arm-none-eabi/8.2.1/../../../../arm-none-eabi/lib/thumb/v7-m/nofp/libm.a(lib_a-s_rint.o)
 .rodata._svfprintf_r.str1.1
                0x00000000080050a0       0x11 /home/ialex/opt/xPacks/@gnu-mcu-eclipse/arm-none-eabi-gcc/8.2.1-1.4.1/.content/bin/../lib/gcc/arm-none-eabi/8.2.1/../../../../arm-none-eabi/lib/thumb/v7-m/nofp/libg_nano.a(lib_a-nano-svfprintf.o)
 .rodata._printf_i.str1.1
                0x00000000080050b1       0x22 /home/ialex/opt/xPacks/@gnu-mcu-eclipse/arm-none-eabi-gcc/8.2.1-1.4.1/.content/bin/../lib/gcc/arm-none-eabi/8.2.1/../../../../arm-none-eabi/lib/thumb/v7-m/nofp/libg_nano.a(lib_a-nano-vfprintf_i.o)
 *(vtable)
 *(.eh_frame*)
 *(.glue_7)
 .glue_7        0x00000000080050d3        0x0 linker stubs
 *(.glue_7t)
 .glue_7t       0x00000000080050d3        0x0 linker stubs

.vfp11_veneer   0x00000000080050d4        0x0
 .vfp11_veneer  0x00000000080050d4        0x0 linker stubs

.v4_bx          0x00000000080050d4        0x0
 .v4_bx         0x00000000080050d4        0x0 linker stubs

.iplt           0x00000000080050d4        0x0
 .iplt          0x00000000080050d4        0x0 ./system/src/stm32f1-stdperiph/misc.o

.rel.dyn        0x00000000080050d4        0x0
 .rel.iplt      0x00000000080050d4        0x0 ./system/src/stm32f1-stdperiph/misc.o

.ARM.extab
 *(.ARM.extab* .gnu.linkonce.armextab.*)
                0x00000000080050d4                . = ALIGN (0x4)
                0x00000000080050d4                __exidx_start = .

.ARM.exidx
 *(.ARM.exidx* .gnu.linkonce.armexidx.*)
                0x00000000080050d4                __exidx_end = .
                0x00000000080050d4                . = ALIGN (0x4)
                0x00000000080050d4                _etext = .
                0x00000000080050d4                __etext = .

.data_CCMRAM    0x0000000000000000        0x0 load address 0x00000000080050d4
 FILL mask 0xff
 *(.data.CCMRAM .data.CCMRAM.*)
                0x0000000000000000                . = ALIGN (0x4)
                0x00000000080050d4                _sidata = LOADADDR (.data)

.data           0x0000000020000000       0xb8 load address 0x00000000080050d4
 FILL mask 0xff
                0x0000000020000000                _sdata = .
                0x0000000020000000                __data_start__ = .
 *(.data_begin .data_begin.*)
 .data_begin    0x0000000020000000        0x4 ./system/src/newlib/_startup.o
 *(.data .data.*)
 .data.ADCPrescTable
                0x0000000020000004        0x4 ./system/src/stm32f1-stdperiph/stm32f10x_rcc.o
 .data.APBAHBPrescTable
                0x0000000020000008       0x10 ./system/src/stm32f1-stdperiph/stm32f10x_rcc.o
 .data.argv.4374
                0x0000000020000018        0x8 ./system/src/newlib/_syscalls.o
 .data.AHBPrescTable
                0x0000000020000020       0x10 ./system/src/cmsis/system_stm32f10x.o
                0x0000000020000020                AHBPrescTable
 .data.SystemCoreClock
                0x0000000020000030        0x4 ./system/src/cmsis/system_stm32f10x.o
                0x0000000020000030                SystemCoreClock
 .data.a        0x0000000020000034        0x4 ./src/main.o
                0x0000000020000034                a
 .data.b        0x0000000020000038        0x4 ./src/main.o
                0x0000000020000038                b
 .data.c        0x000000002000003c        0x4 ./src/main.o
                0x000000002000003c                c
 .data.p1       0x0000000020000040        0x4 ./src/main.o
                0x0000000020000040                p1
 .data.p2       0x0000000020000044        0x4 ./src/main.o
                0x0000000020000044                p2
 .data.q1       0x0000000020000048        0x4 ./src/main.o
                0x0000000020000048                q1
 .data.__fdlib_version
                0x000000002000004c        0x1 /home/ialex/opt/xPacks/@gnu-mcu-eclipse/arm-none-eabi-gcc/8.2.1-1.4.1/.content/bin/../lib/gcc/arm-none-eabi/8.2.1/../../../../arm-none-eabi/lib/thumb/v7-m/nofp/libm.a(lib_a-s_lib_ver.o)
                0x000000002000004c                __fdlib_version
 *fill*         0x000000002000004d        0x3 ff
 .data._impure_ptr
                0x0000000020000050        0x4 /home/ialex/opt/xPacks/@gnu-mcu-eclipse/arm-none-eabi-gcc/8.2.1-1.4.1/.content/bin/../lib/gcc/arm-none-eabi/8.2.1/../../../../arm-none-eabi/lib/thumb/v7-m/nofp/libg_nano.a(lib_a-impure.o)
                0x0000000020000050                _impure_ptr
 .data.impure_data
                0x0000000020000054       0x60 /home/ialex/opt/xPacks/@gnu-mcu-eclipse/arm-none-eabi-gcc/8.2.1-1.4.1/.content/bin/../lib/gcc/arm-none-eabi/8.2.1/../../../../arm-none-eabi/lib/thumb/v7-m/nofp/libg_nano.a(lib_a-impure.o)
 *(.data_end .data_end.*)
 .data_end      0x00000000200000b4        0x4 ./system/src/newlib/_startup.o
                0x00000000200000b8                . = ALIGN (0x4)
                0x00000000200000b8                _edata = .
                0x00000000200000b8                __data_end__ = .

.igot.plt       0x00000000200000b8        0x0 load address 0x000000000800518c
 .igot.plt      0x00000000200000b8        0x0 ./system/src/stm32f1-stdperiph/misc.o

.bss_CCMRAM     0x0000000000000000        0x0
 *(.bss.CCMRAM .bss.CCMRAM.*)

.bss            0x00000000200000b8      0x8ac
                0x00000000200000b8                __bss_start__ = .
                0x00000000200000b8                _sbss = .
 *(.bss_begin .bss_begin.*)
 .bss_begin     0x00000000200000b8        0x4 ./system/src/newlib/_startup.o
 *(.bss .bss.*)
 .bss.current_heap_end.4004
                0x00000000200000bc        0x4 ./system/src/newlib/_sbrk.o
 .bss.name.4373
                0x00000000200000c0        0x1 ./system/src/newlib/_syscalls.o
 *fill*         0x00000000200000c1        0x3 
 .bss.buf.5248  0x00000000200000c4       0x80 ./system/src/diag/Trace.o
 .bss.ADCValues
                0x0000000020000144      0x7d0 ./src/main.o
                0x0000000020000144                ADCValues
 .bss.BufferIndex
                0x0000000020000914        0x2 ./src/main.o
                0x0000000020000914                BufferIndex
 .bss.CCR3_Val  0x0000000020000916        0x2 ./src/main.o
                0x0000000020000916                CCR3_Val
 .bss.interupt_flag
                0x0000000020000918        0x1 ./src/main.o
                0x0000000020000918                interupt_flag
 .bss.send_data_flag
                0x0000000020000919        0x1 ./src/main.o
                0x0000000020000919                send_data_flag
 *fill*         0x000000002000091a        0x2 
 .bss.__malloc_free_list
                0x000000002000091c        0x4 /home/ialex/opt/xPacks/@gnu-mcu-eclipse/arm-none-eabi-gcc/8.2.1-1.4.1/.content/bin/../lib/gcc/arm-none-eabi/8.2.1/../../../../arm-none-eabi/lib/thumb/v7-m/nofp/libg_nano.a(lib_a-nano-mallocr.o)
                0x000000002000091c                __malloc_free_list
 .bss.__malloc_sbrk_start
                0x0000000020000920        0x4 /home/ialex/opt/xPacks/@gnu-mcu-eclipse/arm-none-eabi-gcc/8.2.1-1.4.1/.content/bin/../lib/gcc/arm-none-eabi/8.2.1/../../../../arm-none-eabi/lib/thumb/v7-m/nofp/libg_nano.a(lib_a-nano-mallocr.o)
                0x0000000020000920                __malloc_sbrk_start
 *(COMMON)
 COMMON         0x0000000020000924        0x4 ./system/src/newlib/_syscalls.o
                0x0000000020000924                errno
 COMMON         0x0000000020000928       0x2c ./src/main.o
                0x0000000020000928                queue
                0x000000002000092c                TimingDelay
                0x0000000020000930                USART_Temp_Data
                0x0000000020000934                TIM_OCInitStructure
                0x0000000020000944                GPIO_InitStructure
                0x0000000020000948                NVIC_InitStructure
                0x000000002000094c                EXTI_InitStructure
 COMMON         0x0000000020000954        0x9 /home/ialex/opt/xPacks/@gnu-mcu-eclipse/arm-none-eabi-gcc/8.2.1-1.4.1/.content/bin/../lib/gcc/arm-none-eabi/8.2.1/../../../../arm-none-eabi/lib/thumb/v7-m/nofp/libg_nano.a(lib_a-lock.o)
                0x0000000020000954                __lock___atexit_recursive_mutex
                0x0000000020000955                __lock___arc4random_mutex
                0x0000000020000956                __lock___env_recursive_mutex
                0x0000000020000957                __lock___sinit_recursive_mutex
                0x0000000020000958                __lock___malloc_recursive_mutex
                0x0000000020000959                __lock___at_quick_exit_mutex
                0x000000002000095a                __lock___dd_hash_mutex
                0x000000002000095b                __lock___tz_mutex
                0x000000002000095c                __lock___sfp_recursive_mutex
 *(.bss_end .bss_end.*)
 *fill*         0x000000002000095d        0x3 
 .bss_end       0x0000000020000960        0x4 ./system/src/newlib/_startup.o
                0x0000000020000964                . = ALIGN (0x4)
                0x0000000020000964                __bss_end__ = .
                0x0000000020000964                _ebss = .

.noinit_CCMRAM
 *(.noinit.CCMRAM .noinit.CCMRAM.*)

.noinit         0x0000000020000964        0x0
                0x0000000020000964                _noinit = .
 *(.noinit .noinit.*)
                0x0000000020000964                . = ALIGN (0x4)
                0x0000000020000964                _end_noinit = .
                [!provide]                        PROVIDE (end = _end_noinit)
                [!provide]                        PROVIDE (_end = _end_noinit)
                [!provide]                        PROVIDE (__end = _end_noinit)
                [!provide]                        PROVIDE (__end__ = _end_noinit)

._check_stack   0x0000000020000964      0x100
                0x0000000020000a64                . = (. + _Minimum_Stack_Size)
 *fill*         0x0000000020000964      0x100 

.b1text
 *(.b1text)
 *(.b1rodata)
 *(.b1rodata.*)

.eb0text
 *(.eb0text)
 *(.eb0rodata)
 *(.eb0rodata.*)

.eb1text
 *(.eb1text)
 *(.eb1rodata)
 *(.eb1rodata.*)

.eb2text
 *(.eb2text)
 *(.eb2rodata)
 *(.eb2rodata.*)

.eb3text
 *(.eb3text)
 *(.eb3rodata)
 *(.eb3rodata.*)

.stab
 *(.stab)

.stabstr
 *(.stabstr)

.stab.excl
 *(.stab.excl)

.stab.exclstr
 *(.stab.exclstr)

.stab.index
 *(.stab.index)

.stab.indexstr
 *(.stab.indexstr)

.comment        0x0000000000000000       0x68
 *(.comment)
 .comment       0x0000000000000000       0x68 ./system/src/stm32f1-stdperiph/misc.o
                                         0x69 (size before relaxing)
 .comment       0x0000000000000068       0x69 ./system/src/stm32f1-stdperiph/stm32f10x_adc.o
 .comment       0x0000000000000068       0x69 ./system/src/stm32f1-stdperiph/stm32f10x_exti.o
 .comment       0x0000000000000068       0x69 ./system/src/stm32f1-stdperiph/stm32f10x_gpio.o
 .comment       0x0000000000000068       0x69 ./system/src/stm32f1-stdperiph/stm32f10x_rcc.o
 .comment       0x0000000000000068       0x69 ./system/src/stm32f1-stdperiph/stm32f10x_tim.o
 .comment       0x0000000000000068       0x69 ./system/src/stm32f1-stdperiph/stm32f10x_usart.o
 .comment       0x0000000000000068       0x69 ./system/src/newlib/_exit.o
 .comment       0x0000000000000068       0x69 ./system/src/newlib/_sbrk.o
 .comment       0x0000000000000068       0x69 ./system/src/newlib/_startup.o
 .comment       0x0000000000000068       0x69 ./system/src/newlib/_syscalls.o
 .comment       0x0000000000000068       0x69 ./system/src/newlib/assert.o
 .comment       0x0000000000000068       0x69 ./system/src/diag/Trace.o
 .comment       0x0000000000000068       0x69 ./system/src/diag/trace_impl.o
 .comment       0x0000000000000068       0x69 ./system/src/cortexm/_initialize_hardware.o
 .comment       0x0000000000000068       0x69 ./system/src/cortexm/exception_handlers.o
 .comment       0x0000000000000068       0x69 ./system/src/cmsis/system_stm32f10x.o
 .comment       0x0000000000000068       0x69 ./system/src/cmsis/vectors_stm32f10x.o
 .comment       0x0000000000000068       0x69 ./src/main.o
 .comment       0x0000000000000068       0x69 ./src/queue.o
 .comment       0x0000000000000068       0x69 ./src/usart.o

.ARM.attributes
                0x0000000000000000       0x2b
 .ARM.attributes
                0x0000000000000000       0x2d ./system/src/stm32f1-stdperiph/misc.o
 .ARM.attributes
                0x000000000000002d       0x2d ./system/src/stm32f1-stdperiph/stm32f10x_adc.o
 .ARM.attributes
                0x000000000000005a       0x2d ./system/src/stm32f1-stdperiph/stm32f10x_exti.o
 .ARM.attributes
                0x0000000000000087       0x2d ./system/src/stm32f1-stdperiph/stm32f10x_gpio.o
 .ARM.attributes
                0x00000000000000b4       0x2d ./system/src/stm32f1-stdperiph/stm32f10x_rcc.o
 .ARM.attributes
                0x00000000000000e1       0x2d ./system/src/stm32f1-stdperiph/stm32f10x_tim.o
 .ARM.attributes
                0x000000000000010e       0x2d ./system/src/stm32f1-stdperiph/stm32f10x_usart.o
 .ARM.attributes
                0x000000000000013b       0x2d ./system/src/newlib/_exit.o
 .ARM.attributes
                0x0000000000000168       0x2d ./system/src/newlib/_sbrk.o
 .ARM.attributes
                0x0000000000000195       0x2d ./system/src/newlib/_startup.o
 .ARM.attributes
                0x00000000000001c2       0x2d ./system/src/newlib/_syscalls.o
 .ARM.attributes
                0x00000000000001ef       0x2d ./system/src/newlib/assert.o
 .ARM.attributes
                0x000000000000021c       0x2d ./system/src/diag/Trace.o
 .ARM.attributes
                0x0000000000000249       0x2d ./system/src/diag/trace_impl.o
 .ARM.attributes
                0x0000000000000276       0x2d ./system/src/cortexm/_initialize_hardware.o
 .ARM.attributes
                0x00000000000002a3       0x2d ./system/src/cortexm/exception_handlers.o
 .ARM.attributes
                0x00000000000002d0       0x2d ./system/src/cmsis/system_stm32f10x.o
 .ARM.attributes
                0x00000000000002fd       0x2d ./system/src/cmsis/vectors_stm32f10x.o
 .ARM.attributes
                0x000000000000032a       0x2d ./src/main.o
 .ARM.attributes
                0x0000000000000357       0x2d ./src/queue.o
 .ARM.attributes
                0x0000000000000384       0x2d ./src/usart.o
 .ARM.attributes
                0x00000000000003b1       0x2d /home/ialex/opt/xPacks/@gnu-mcu-eclipse/arm-none-eabi-gcc/8.2.1-1.4.1/.content/bin/../lib/gcc/arm-none-eabi/8.2.1/../../../../arm-none-eabi/lib/thumb/v7-m/nofp/libm.a(lib_a-w_pow.o)
 .ARM.attributes
                0x00000000000003de       0x2d /home/ialex/opt/xPacks/@gnu-mcu-eclipse/arm-none-eabi-gcc/8.2.1-1.4.1/.content/bin/../lib/gcc/arm-none-eabi/8.2.1/../../../../arm-none-eabi/lib/thumb/v7-m/nofp/libm.a(lib_a-e_pow.o)
 .ARM.attributes
                0x000000000000040b       0x2d /home/ialex/opt/xPacks/@gnu-mcu-eclipse/arm-none-eabi-gcc/8.2.1-1.4.1/.content/bin/../lib/gcc/arm-none-eabi/8.2.1/../../../../arm-none-eabi/lib/thumb/v7-m/nofp/libm.a(lib_a-e_sqrt.o)
 .ARM.attributes
                0x0000000000000438       0x2d /home/ialex/opt/xPacks/@gnu-mcu-eclipse/arm-none-eabi-gcc/8.2.1-1.4.1/.content/bin/../lib/gcc/arm-none-eabi/8.2.1/../../../../arm-none-eabi/lib/thumb/v7-m/nofp/libm.a(lib_a-s_fabs.o)
 .ARM.attributes
                0x0000000000000465       0x2d /home/ialex/opt/xPacks/@gnu-mcu-eclipse/arm-none-eabi-gcc/8.2.1-1.4.1/.content/bin/../lib/gcc/arm-none-eabi/8.2.1/../../../../arm-none-eabi/lib/thumb/v7-m/nofp/libm.a(lib_a-s_finite.o)
 .ARM.attributes
                0x0000000000000492       0x2d /home/ialex/opt/xPacks/@gnu-mcu-eclipse/arm-none-eabi-gcc/8.2.1-1.4.1/.content/bin/../lib/gcc/arm-none-eabi/8.2.1/../../../../arm-none-eabi/lib/thumb/v7-m/nofp/libm.a(lib_a-s_lib_ver.o)
 .ARM.attributes
                0x00000000000004bf       0x2d /home/ialex/opt/xPacks/@gnu-mcu-eclipse/arm-none-eabi-gcc/8.2.1-1.4.1/.content/bin/../lib/gcc/arm-none-eabi/8.2.1/../../../../arm-none-eabi/lib/thumb/v7-m/nofp/libm.a(lib_a-s_matherr.o)
 .ARM.attributes
                0x00000000000004ec       0x2d /home/ialex/opt/xPacks/@gnu-mcu-eclipse/arm-none-eabi-gcc/8.2.1-1.4.1/.content/bin/../lib/gcc/arm-none-eabi/8.2.1/../../../../arm-none-eabi/lib/thumb/v7-m/nofp/libm.a(lib_a-s_nan.o)
 .ARM.attributes
                0x0000000000000519       0x2d /home/ialex/opt/xPacks/@gnu-mcu-eclipse/arm-none-eabi-gcc/8.2.1-1.4.1/.content/bin/../lib/gcc/arm-none-eabi/8.2.1/../../../../arm-none-eabi/lib/thumb/v7-m/nofp/libm.a(lib_a-s_rint.o)
 .ARM.attributes
                0x0000000000000546       0x2d /home/ialex/opt/xPacks/@gnu-mcu-eclipse/arm-none-eabi-gcc/8.2.1-1.4.1/.content/bin/../lib/gcc/arm-none-eabi/8.2.1/../../../../arm-none-eabi/lib/thumb/v7-m/nofp/libm.a(lib_a-s_scalbn.o)
 .ARM.attributes
                0x0000000000000573       0x1d /home/ialex/opt/xPacks/@gnu-mcu-eclipse/arm-none-eabi-gcc/8.2.1-1.4.1/.content/bin/../lib/gcc/arm-none-eabi/8.2.1/thumb/v7-m/nofp/libgcc.a(_arm_addsubdf3.o)
 .ARM.attributes
                0x0000000000000590       0x1d /home/ialex/opt/xPacks/@gnu-mcu-eclipse/arm-none-eabi-gcc/8.2.1-1.4.1/.content/bin/../lib/gcc/arm-none-eabi/8.2.1/thumb/v7-m/nofp/libgcc.a(_arm_muldivdf3.o)
 .ARM.attributes
                0x00000000000005ad       0x1d /home/ialex/opt/xPacks/@gnu-mcu-eclipse/arm-none-eabi-gcc/8.2.1-1.4.1/.content/bin/../lib/gcc/arm-none-eabi/8.2.1/thumb/v7-m/nofp/libgcc.a(_arm_cmpdf2.o)
 .ARM.attributes
                0x00000000000005ca       0x1d /home/ialex/opt/xPacks/@gnu-mcu-eclipse/arm-none-eabi-gcc/8.2.1-1.4.1/.content/bin/../lib/gcc/arm-none-eabi/8.2.1/thumb/v7-m/nofp/libgcc.a(_arm_unorddf2.o)
 .ARM.attributes
                0x00000000000005e7       0x1d /home/ialex/opt/xPacks/@gnu-mcu-eclipse/arm-none-eabi-gcc/8.2.1-1.4.1/.content/bin/../lib/gcc/arm-none-eabi/8.2.1/thumb/v7-m/nofp/libgcc.a(_arm_truncdfsf2.o)
 .ARM.attributes
                0x0000000000000604       0x1d /home/ialex/opt/xPacks/@gnu-mcu-eclipse/arm-none-eabi-gcc/8.2.1-1.4.1/.content/bin/../lib/gcc/arm-none-eabi/8.2.1/thumb/v7-m/nofp/libgcc.a(_arm_addsubsf3.o)
 .ARM.attributes
                0x0000000000000621       0x1d /home/ialex/opt/xPacks/@gnu-mcu-eclipse/arm-none-eabi-gcc/8.2.1-1.4.1/.content/bin/../lib/gcc/arm-none-eabi/8.2.1/thumb/v7-m/nofp/libgcc.a(_arm_muldivsf3.o)
 .ARM.attributes
                0x000000000000063e       0x1d /home/ialex/opt/xPacks/@gnu-mcu-eclipse/arm-none-eabi-gcc/8.2.1-1.4.1/.content/bin/../lib/gcc/arm-none-eabi/8.2.1/thumb/v7-m/nofp/libgcc.a(_arm_fixsfsi.o)
 .ARM.attributes
                0x000000000000065b       0x1d /home/ialex/opt/xPacks/@gnu-mcu-eclipse/arm-none-eabi-gcc/8.2.1-1.4.1/.content/bin/../lib/gcc/arm-none-eabi/8.2.1/thumb/v7-m/nofp/libgcc.a(_arm_fixunssfsi.o)
 .ARM.attributes
                0x0000000000000678       0x2d /home/ialex/opt/xPacks/@gnu-mcu-eclipse/arm-none-eabi-gcc/8.2.1-1.4.1/.content/bin/../lib/gcc/arm-none-eabi/8.2.1/../../../../arm-none-eabi/lib/thumb/v7-m/nofp/libg_nano.a(lib_a-errno.o)
 .ARM.attributes
                0x00000000000006a5       0x2d /home/ialex/opt/xPacks/@gnu-mcu-eclipse/arm-none-eabi-gcc/8.2.1-1.4.1/.content/bin/../lib/gcc/arm-none-eabi/8.2.1/../../../../arm-none-eabi/lib/thumb/v7-m/nofp/libg_nano.a(lib_a-impure.o)
 .ARM.attributes
                0x00000000000006d2       0x2d /home/ialex/opt/xPacks/@gnu-mcu-eclipse/arm-none-eabi-gcc/8.2.1-1.4.1/.content/bin/../lib/gcc/arm-none-eabi/8.2.1/../../../../arm-none-eabi/lib/thumb/v7-m/nofp/libg_nano.a(lib_a-malloc.o)
 .ARM.attributes
                0x00000000000006ff       0x2d /home/ialex/opt/xPacks/@gnu-mcu-eclipse/arm-none-eabi-gcc/8.2.1-1.4.1/.content/bin/../lib/gcc/arm-none-eabi/8.2.1/../../../../arm-none-eabi/lib/thumb/v7-m/nofp/libg_nano.a(lib_a-nano-freer.o)
 .ARM.attributes
                0x000000000000072c       0x2d /home/ialex/opt/xPacks/@gnu-mcu-eclipse/arm-none-eabi-gcc/8.2.1-1.4.1/.content/bin/../lib/gcc/arm-none-eabi/8.2.1/../../../../arm-none-eabi/lib/thumb/v7-m/nofp/libg_nano.a(lib_a-nano-mallocr.o)
 .ARM.attributes
                0x0000000000000759       0x2d /home/ialex/opt/xPacks/@gnu-mcu-eclipse/arm-none-eabi-gcc/8.2.1-1.4.1/.content/bin/../lib/gcc/arm-none-eabi/8.2.1/../../../../arm-none-eabi/lib/thumb/v7-m/nofp/libg_nano.a(lib_a-sbrkr.o)
 .ARM.attributes
                0x0000000000000786       0x17 /home/ialex/opt/xPacks/@gnu-mcu-eclipse/arm-none-eabi-gcc/8.2.1-1.4.1/.content/bin/../lib/gcc/arm-none-eabi/8.2.1/../../../../arm-none-eabi/lib/thumb/v7-m/nofp/libg_nano.a(lib_a-strlen.o)
 .ARM.attributes
                0x000000000000079d       0x2d /home/ialex/opt/xPacks/@gnu-mcu-eclipse/arm-none-eabi-gcc/8.2.1-1.4.1/.content/bin/../lib/gcc/arm-none-eabi/8.2.1/../../../../arm-none-eabi/lib/thumb/v7-m/nofp/libg_nano.a(lib_a-vsnprintf.o)
 .ARM.attributes
                0x00000000000007ca       0x2d /home/ialex/opt/xPacks/@gnu-mcu-eclipse/arm-none-eabi-gcc/8.2.1-1.4.1/.content/bin/../lib/gcc/arm-none-eabi/8.2.1/../../../../arm-none-eabi/lib/thumb/v7-m/nofp/libg_nano.a(lib_a-mlock.o)
 .ARM.attributes
                0x00000000000007f7       0x2d /home/ialex/opt/xPacks/@gnu-mcu-eclipse/arm-none-eabi-gcc/8.2.1-1.4.1/.content/bin/../lib/gcc/arm-none-eabi/8.2.1/../../../../arm-none-eabi/lib/thumb/v7-m/nofp/libg_nano.a(lib_a-nano-svfprintf.o)
 .ARM.attributes
                0x0000000000000824       0x2d /home/ialex/opt/xPacks/@gnu-mcu-eclipse/arm-none-eabi-gcc/8.2.1-1.4.1/.content/bin/../lib/gcc/arm-none-eabi/8.2.1/../../../../arm-none-eabi/lib/thumb/v7-m/nofp/libg_nano.a(lib_a-nano-vfprintf_i.o)
 .ARM.attributes
                0x0000000000000851       0x2d /home/ialex/opt/xPacks/@gnu-mcu-eclipse/arm-none-eabi-gcc/8.2.1-1.4.1/.content/bin/../lib/gcc/arm-none-eabi/8.2.1/../../../../arm-none-eabi/lib/thumb/v7-m/nofp/libg_nano.a(lib_a-lock.o)
 .ARM.attributes
                0x000000000000087e       0x2d /home/ialex/opt/xPacks/@gnu-mcu-eclipse/arm-none-eabi-gcc/8.2.1-1.4.1/.content/bin/../lib/gcc/arm-none-eabi/8.2.1/../../../../arm-none-eabi/lib/thumb/v7-m/nofp/libg_nano.a(lib_a-memchr-stub.o)
 .ARM.attributes
                0x00000000000008ab       0x2d /home/ialex/opt/xPacks/@gnu-mcu-eclipse/arm-none-eabi-gcc/8.2.1-1.4.1/.content/bin/../lib/gcc/arm-none-eabi/8.2.1/../../../../arm-none-eabi/lib/thumb/v7-m/nofp/libg_nano.a(lib_a-memcpy-stub.o)
 .ARM.attributes
                0x00000000000008d8       0x2d /home/ialex/opt/xPacks/@gnu-mcu-eclipse/arm-none-eabi-gcc/8.2.1-1.4.1/.content/bin/../lib/gcc/arm-none-eabi/8.2.1/../../../../arm-none-eabi/lib/thumb/v7-m/nofp/libg_nano.a(lib_a-memmove.o)
 .ARM.attributes
                0x0000000000000905       0x2d /home/ialex/opt/xPacks/@gnu-mcu-eclipse/arm-none-eabi-gcc/8.2.1-1.4.1/.content/bin/../lib/gcc/arm-none-eabi/8.2.1/../../../../arm-none-eabi/lib/thumb/v7-m/nofp/libg_nano.a(lib_a-nano-reallocr.o)
 .ARM.attributes
                0x0000000000000932       0x2d /home/ialex/opt/xPacks/@gnu-mcu-eclipse/arm-none-eabi-gcc/8.2.1-1.4.1/.content/bin/../lib/gcc/arm-none-eabi/8.2.1/../../../../arm-none-eabi/lib/thumb/v7-m/nofp/libg_nano.a(lib_a-nano-msizer.o)

.debug
 *(.debug)

.line
 *(.line)

.debug_srcinfo
 *(.debug_srcinfo)

.debug_sfnames
 *(.debug_sfnames)

.debug_aranges  0x0000000000000000      0xb18
 *(.debug_aranges)
 .debug_aranges
                0x0000000000000000       0x40 ./system/src/stm32f1-stdperiph/misc.o
 .debug_aranges
                0x0000000000000040      0x138 ./system/src/stm32f1-stdperiph/stm32f10x_adc.o
 .debug_aranges
                0x0000000000000178       0x58 ./system/src/stm32f1-stdperiph/stm32f10x_exti.o
 .debug_aranges
                0x00000000000001d0       0xa8 ./system/src/stm32f1-stdperiph/stm32f10x_gpio.o
 .debug_aranges
                0x0000000000000278      0x118 ./system/src/stm32f1-stdperiph/stm32f10x_rcc.o
 .debug_aranges
                0x0000000000000390      0x2f0 ./system/src/stm32f1-stdperiph/stm32f10x_tim.o
 .debug_aranges
                0x0000000000000680      0x100 ./system/src/stm32f1-stdperiph/stm32f10x_usart.o
 .debug_aranges
                0x0000000000000780       0x28 ./system/src/newlib/_exit.o
 .debug_aranges
                0x00000000000007a8       0x20 ./system/src/newlib/_sbrk.o
 .debug_aranges
                0x00000000000007c8       0x40 ./system/src/newlib/_startup.o
 .debug_aranges
                0x0000000000000808       0x30 ./system/src/newlib/_syscalls.o
 .debug_aranges
                0x0000000000000838       0x28 ./system/src/newlib/assert.o
 .debug_aranges
                0x0000000000000860       0x38 ./system/src/diag/Trace.o
 .debug_aranges
                0x0000000000000898       0x30 ./system/src/diag/trace_impl.o
 .debug_aranges
                0x00000000000008c8       0x28 ./system/src/cortexm/_initialize_hardware.o
 .debug_aranges
                0x00000000000008f0       0x90 ./system/src/cortexm/exception_handlers.o
 .debug_aranges
                0x0000000000000980       0x38 ./system/src/cmsis/system_stm32f10x.o
 .debug_aranges
                0x00000000000009b8       0x20 ./system/src/cmsis/vectors_stm32f10x.o
 .debug_aranges
                0x00000000000009d8       0x90 ./src/main.o
 .debug_aranges
                0x0000000000000a68       0x50 ./src/queue.o
 .debug_aranges
                0x0000000000000ab8       0x60 ./src/usart.o

.debug_pubnames
 *(.debug_pubnames)

.debug_info     0x0000000000000000    0x128c2
 *(.debug_info .gnu.linkonce.wi.*)
 .debug_info    0x0000000000000000      0x6a5 ./system/src/stm32f1-stdperiph/misc.o
 .debug_info    0x00000000000006a5     0x1640 ./system/src/stm32f1-stdperiph/stm32f10x_adc.o
 .debug_info    0x0000000000001ce5      0x4bb ./system/src/stm32f1-stdperiph/stm32f10x_exti.o
 .debug_info    0x00000000000021a0      0xce4 ./system/src/stm32f1-stdperiph/stm32f10x_gpio.o
 .debug_info    0x0000000000002e84      0xdbb ./system/src/stm32f1-stdperiph/stm32f10x_rcc.o
 .debug_info    0x0000000000003c3f     0x3ec7 ./system/src/stm32f1-stdperiph/stm32f10x_tim.o
 .debug_info    0x0000000000007b06     0x1439 ./system/src/stm32f1-stdperiph/stm32f10x_usart.o
 .debug_info    0x0000000000008f3f      0x9e7 ./system/src/newlib/_exit.o
 .debug_info    0x0000000000009926      0x9d4 ./system/src/newlib/_sbrk.o
 .debug_info    0x000000000000a2fa      0x4ce ./system/src/newlib/_startup.o
 .debug_info    0x000000000000a7c8      0xab9 ./system/src/newlib/_syscalls.o
 .debug_info    0x000000000000b281      0xaaa ./system/src/newlib/assert.o
 .debug_info    0x000000000000bd2b      0xbdb ./system/src/diag/Trace.o
 .debug_info    0x000000000000c906      0x3be ./system/src/diag/trace_impl.o
 .debug_info    0x000000000000ccc4      0x2d6 ./system/src/cortexm/_initialize_hardware.o
 .debug_info    0x000000000000cf9a     0x127b ./system/src/cortexm/exception_handlers.o
 .debug_info    0x000000000000e215      0x4e0 ./system/src/cmsis/system_stm32f10x.o
 .debug_info    0x000000000000e6f5       0xce ./system/src/cmsis/vectors_stm32f10x.o
 .debug_info    0x000000000000e7c3     0x21d8 ./src/main.o
 .debug_info    0x000000000001099b      0xbd8 ./src/queue.o
 .debug_info    0x0000000000011573     0x134f ./src/usart.o

.debug_abbrev   0x0000000000000000     0x2f52
 *(.debug_abbrev)
 .debug_abbrev  0x0000000000000000      0x1bc ./system/src/stm32f1-stdperiph/misc.o
 .debug_abbrev  0x00000000000001bc      0x225 ./system/src/stm32f1-stdperiph/stm32f10x_adc.o
 .debug_abbrev  0x00000000000003e1      0x1e2 ./system/src/stm32f1-stdperiph/stm32f10x_exti.o
 .debug_abbrev  0x00000000000005c3      0x24b ./system/src/stm32f1-stdperiph/stm32f10x_gpio.o
 .debug_abbrev  0x000000000000080e      0x240 ./system/src/stm32f1-stdperiph/stm32f10x_rcc.o
 .debug_abbrev  0x0000000000000a4e      0x226 ./system/src/stm32f1-stdperiph/stm32f10x_tim.o
 .debug_abbrev  0x0000000000000c74      0x218 ./system/src/stm32f1-stdperiph/stm32f10x_usart.o
 .debug_abbrev  0x0000000000000e8c      0x222 ./system/src/newlib/_exit.o
 .debug_abbrev  0x00000000000010ae      0x232 ./system/src/newlib/_sbrk.o
 .debug_abbrev  0x00000000000012e0      0x1d7 ./system/src/newlib/_startup.o
 .debug_abbrev  0x00000000000014b7      0x26d ./system/src/newlib/_syscalls.o
 .debug_abbrev  0x0000000000001724      0x222 ./system/src/newlib/assert.o
 .debug_abbrev  0x0000000000001946      0x2c6 ./system/src/diag/Trace.o
 .debug_abbrev  0x0000000000001c0c      0x221 ./system/src/diag/trace_impl.o
 .debug_abbrev  0x0000000000001e2d       0xfc ./system/src/cortexm/_initialize_hardware.o
 .debug_abbrev  0x0000000000001f29      0x372 ./system/src/cortexm/exception_handlers.o
 .debug_abbrev  0x000000000000229b      0x19d ./system/src/cmsis/system_stm32f10x.o
 .debug_abbrev  0x0000000000002438       0xa5 ./system/src/cmsis/vectors_stm32f10x.o
 .debug_abbrev  0x00000000000024dd      0x4b3 ./src/main.o
 .debug_abbrev  0x0000000000002990      0x251 ./src/queue.o
 .debug_abbrev  0x0000000000002be1      0x371 ./src/usart.o

.debug_line     0x0000000000000000     0xd43f
 *(.debug_line)
 .debug_line    0x0000000000000000      0x52e ./system/src/stm32f1-stdperiph/misc.o
 .debug_line    0x000000000000052e     0x1244 ./system/src/stm32f1-stdperiph/stm32f10x_adc.o
 .debug_line    0x0000000000001772      0x6b7 ./system/src/stm32f1-stdperiph/stm32f10x_exti.o
 .debug_line    0x0000000000001e29      0xd02 ./system/src/stm32f1-stdperiph/stm32f10x_gpio.o
 .debug_line    0x0000000000002b2b      0xde1 ./system/src/stm32f1-stdperiph/stm32f10x_rcc.o
 .debug_line    0x000000000000390c     0x3971 ./system/src/stm32f1-stdperiph/stm32f10x_tim.o
 .debug_line    0x000000000000727d     0x110e ./system/src/stm32f1-stdperiph/stm32f10x_usart.o
 .debug_line    0x000000000000838b      0x3c6 ./system/src/newlib/_exit.o
 .debug_line    0x0000000000008751      0x3b7 ./system/src/newlib/_sbrk.o
 .debug_line    0x0000000000008b08      0x5d8 ./system/src/newlib/_startup.o
 .debug_line    0x00000000000090e0      0x4b5 ./system/src/newlib/_syscalls.o
 .debug_line    0x0000000000009595      0x409 ./system/src/newlib/assert.o
 .debug_line    0x000000000000999e      0x4a2 ./system/src/diag/Trace.o
 .debug_line    0x0000000000009e40      0x71a ./system/src/diag/trace_impl.o
 .debug_line    0x000000000000a55a      0x39e ./system/src/cortexm/_initialize_hardware.o
 .debug_line    0x000000000000a8f8      0x907 ./system/src/cortexm/exception_handlers.o
 .debug_line    0x000000000000b1ff      0x5aa ./system/src/cmsis/system_stm32f10x.o
 .debug_line    0x000000000000b7a9      0x129 ./system/src/cmsis/vectors_stm32f10x.o
 .debug_line    0x000000000000b8d2      0xc24 ./src/main.o
 .debug_line    0x000000000000c4f6      0x5c6 ./src/queue.o
 .debug_line    0x000000000000cabc      0x983 ./src/usart.o

.debug_frame    0x0000000000000000     0x275c
 *(.debug_frame)
 .debug_frame   0x0000000000000000       0x90 ./system/src/stm32f1-stdperiph/misc.o
 .debug_frame   0x0000000000000090      0x3dc ./system/src/stm32f1-stdperiph/stm32f10x_adc.o
 .debug_frame   0x000000000000046c       0xc0 ./system/src/stm32f1-stdperiph/stm32f10x_exti.o
 .debug_frame   0x000000000000052c      0x1e8 ./system/src/stm32f1-stdperiph/stm32f10x_gpio.o
 .debug_frame   0x0000000000000714      0x320 ./system/src/stm32f1-stdperiph/stm32f10x_rcc.o
 .debug_frame   0x0000000000000a34      0x9ec ./system/src/stm32f1-stdperiph/stm32f10x_tim.o
 .debug_frame   0x0000000000001420      0x320 ./system/src/stm32f1-stdperiph/stm32f10x_usart.o
 .debug_frame   0x0000000000001740       0x38 ./system/src/newlib/_exit.o
 .debug_frame   0x0000000000001778       0x28 ./system/src/newlib/_sbrk.o
 .debug_frame   0x00000000000017a0       0x7c ./system/src/newlib/_startup.o
 .debug_frame   0x000000000000181c       0x50 ./system/src/newlib/_syscalls.o
 .debug_frame   0x000000000000186c       0x40 ./system/src/newlib/assert.o
 .debug_frame   0x00000000000018ac       0x94 ./system/src/diag/Trace.o
 .debug_frame   0x0000000000001940       0x64 ./system/src/diag/trace_impl.o
 .debug_frame   0x00000000000019a4       0x40 ./system/src/cortexm/_initialize_hardware.o
 .debug_frame   0x00000000000019e4      0x158 ./system/src/cortexm/exception_handlers.o
 .debug_frame   0x0000000000001b3c       0x6c ./system/src/cmsis/system_stm32f10x.o
 .debug_frame   0x0000000000001ba8       0x20 ./system/src/cmsis/vectors_stm32f10x.o
 .debug_frame   0x0000000000001bc8      0x184 ./src/main.o
 .debug_frame   0x0000000000001d4c       0xb0 ./src/queue.o
 .debug_frame   0x0000000000001dfc       0xf4 ./src/usart.o
 .debug_frame   0x0000000000001ef0       0x40 /home/ialex/opt/xPacks/@gnu-mcu-eclipse/arm-none-eabi-gcc/8.2.1-1.4.1/.content/bin/../lib/gcc/arm-none-eabi/8.2.1/../../../../arm-none-eabi/lib/thumb/v7-m/nofp/libm.a(lib_a-w_pow.o)
 .debug_frame   0x0000000000001f30       0x64 /home/ialex/opt/xPacks/@gnu-mcu-eclipse/arm-none-eabi-gcc/8.2.1-1.4.1/.content/bin/../lib/gcc/arm-none-eabi/8.2.1/../../../../arm-none-eabi/lib/thumb/v7-m/nofp/libm.a(lib_a-e_pow.o)
 .debug_frame   0x0000000000001f94       0x30 /home/ialex/opt/xPacks/@gnu-mcu-eclipse/arm-none-eabi-gcc/8.2.1-1.4.1/.content/bin/../lib/gcc/arm-none-eabi/8.2.1/../../../../arm-none-eabi/lib/thumb/v7-m/nofp/libm.a(lib_a-e_sqrt.o)
 .debug_frame   0x0000000000001fc4       0x20 /home/ialex/opt/xPacks/@gnu-mcu-eclipse/arm-none-eabi-gcc/8.2.1-1.4.1/.content/bin/../lib/gcc/arm-none-eabi/8.2.1/../../../../arm-none-eabi/lib/thumb/v7-m/nofp/libm.a(lib_a-s_fabs.o)
 .debug_frame   0x0000000000001fe4       0x20 /home/ialex/opt/xPacks/@gnu-mcu-eclipse/arm-none-eabi-gcc/8.2.1-1.4.1/.content/bin/../lib/gcc/arm-none-eabi/8.2.1/../../../../arm-none-eabi/lib/thumb/v7-m/nofp/libm.a(lib_a-s_finite.o)
 .debug_frame   0x0000000000002004       0x20 /home/ialex/opt/xPacks/@gnu-mcu-eclipse/arm-none-eabi-gcc/8.2.1-1.4.1/.content/bin/../lib/gcc/arm-none-eabi/8.2.1/../../../../arm-none-eabi/lib/thumb/v7-m/nofp/libm.a(lib_a-s_matherr.o)
 .debug_frame   0x0000000000002024       0x20 /home/ialex/opt/xPacks/@gnu-mcu-eclipse/arm-none-eabi-gcc/8.2.1-1.4.1/.content/bin/../lib/gcc/arm-none-eabi/8.2.1/../../../../arm-none-eabi/lib/thumb/v7-m/nofp/libm.a(lib_a-s_nan.o)
 .debug_frame   0x0000000000002044       0x44 /home/ialex/opt/xPacks/@gnu-mcu-eclipse/arm-none-eabi-gcc/8.2.1-1.4.1/.content/bin/../lib/gcc/arm-none-eabi/8.2.1/../../../../arm-none-eabi/lib/thumb/v7-m/nofp/libm.a(lib_a-s_rint.o)
 .debug_frame   0x0000000000002088       0x30 /home/ialex/opt/xPacks/@gnu-mcu-eclipse/arm-none-eabi-gcc/8.2.1-1.4.1/.content/bin/../lib/gcc/arm-none-eabi/8.2.1/../../../../arm-none-eabi/lib/thumb/v7-m/nofp/libm.a(lib_a-s_scalbn.o)
 .debug_frame   0x00000000000020b8       0xac /home/ialex/opt/xPacks/@gnu-mcu-eclipse/arm-none-eabi-gcc/8.2.1-1.4.1/.content/bin/../lib/gcc/arm-none-eabi/8.2.1/thumb/v7-m/nofp/libgcc.a(_arm_addsubdf3.o)
 .debug_frame   0x0000000000002164       0x50 /home/ialex/opt/xPacks/@gnu-mcu-eclipse/arm-none-eabi-gcc/8.2.1-1.4.1/.content/bin/../lib/gcc/arm-none-eabi/8.2.1/thumb/v7-m/nofp/libgcc.a(_arm_muldivdf3.o)
 .debug_frame   0x00000000000021b4       0xc4 /home/ialex/opt/xPacks/@gnu-mcu-eclipse/arm-none-eabi-gcc/8.2.1-1.4.1/.content/bin/../lib/gcc/arm-none-eabi/8.2.1/thumb/v7-m/nofp/libgcc.a(_arm_cmpdf2.o)
 .debug_frame   0x0000000000002278       0x20 /home/ialex/opt/xPacks/@gnu-mcu-eclipse/arm-none-eabi-gcc/8.2.1-1.4.1/.content/bin/../lib/gcc/arm-none-eabi/8.2.1/thumb/v7-m/nofp/libgcc.a(_arm_unorddf2.o)
 .debug_frame   0x0000000000002298       0x24 /home/ialex/opt/xPacks/@gnu-mcu-eclipse/arm-none-eabi-gcc/8.2.1-1.4.1/.content/bin/../lib/gcc/arm-none-eabi/8.2.1/thumb/v7-m/nofp/libgcc.a(_arm_truncdfsf2.o)
 .debug_frame   0x00000000000022bc       0x4c /home/ialex/opt/xPacks/@gnu-mcu-eclipse/arm-none-eabi-gcc/8.2.1-1.4.1/.content/bin/../lib/gcc/arm-none-eabi/8.2.1/thumb/v7-m/nofp/libgcc.a(_arm_addsubsf3.o)
 .debug_frame   0x0000000000002308       0x38 /home/ialex/opt/xPacks/@gnu-mcu-eclipse/arm-none-eabi-gcc/8.2.1-1.4.1/.content/bin/../lib/gcc/arm-none-eabi/8.2.1/thumb/v7-m/nofp/libgcc.a(_arm_muldivsf3.o)
 .debug_frame   0x0000000000002340       0x24 /home/ialex/opt/xPacks/@gnu-mcu-eclipse/arm-none-eabi-gcc/8.2.1-1.4.1/.content/bin/../lib/gcc/arm-none-eabi/8.2.1/thumb/v7-m/nofp/libgcc.a(_arm_fixsfsi.o)
 .debug_frame   0x0000000000002364       0x24 /home/ialex/opt/xPacks/@gnu-mcu-eclipse/arm-none-eabi-gcc/8.2.1-1.4.1/.content/bin/../lib/gcc/arm-none-eabi/8.2.1/thumb/v7-m/nofp/libgcc.a(_arm_fixunssfsi.o)
 .debug_frame   0x0000000000002388       0x20 /home/ialex/opt/xPacks/@gnu-mcu-eclipse/arm-none-eabi-gcc/8.2.1-1.4.1/.content/bin/../lib/gcc/arm-none-eabi/8.2.1/../../../../arm-none-eabi/lib/thumb/v7-m/nofp/libg_nano.a(lib_a-errno.o)
 .debug_frame   0x00000000000023a8       0x30 /home/ialex/opt/xPacks/@gnu-mcu-eclipse/arm-none-eabi-gcc/8.2.1-1.4.1/.content/bin/../lib/gcc/arm-none-eabi/8.2.1/../../../../arm-none-eabi/lib/thumb/v7-m/nofp/libg_nano.a(lib_a-malloc.o)
 .debug_frame   0x00000000000023d8       0x38 /home/ialex/opt/xPacks/@gnu-mcu-eclipse/arm-none-eabi-gcc/8.2.1-1.4.1/.content/bin/../lib/gcc/arm-none-eabi/8.2.1/../../../../arm-none-eabi/lib/thumb/v7-m/nofp/libg_nano.a(lib_a-nano-freer.o)
 .debug_frame   0x0000000000002410       0x30 /home/ialex/opt/xPacks/@gnu-mcu-eclipse/arm-none-eabi-gcc/8.2.1-1.4.1/.content/bin/../lib/gcc/arm-none-eabi/8.2.1/../../../../arm-none-eabi/lib/thumb/v7-m/nofp/libg_nano.a(lib_a-nano-mallocr.o)
 .debug_frame   0x0000000000002440       0x2c /home/ialex/opt/xPacks/@gnu-mcu-eclipse/arm-none-eabi-gcc/8.2.1-1.4.1/.content/bin/../lib/gcc/arm-none-eabi/8.2.1/../../../../arm-none-eabi/lib/thumb/v7-m/nofp/libg_nano.a(lib_a-sbrkr.o)
 .debug_frame   0x000000000000246c       0x4c /home/ialex/opt/xPacks/@gnu-mcu-eclipse/arm-none-eabi-gcc/8.2.1-1.4.1/.content/bin/../lib/gcc/arm-none-eabi/8.2.1/../../../../arm-none-eabi/lib/thumb/v7-m/nofp/libg_nano.a(lib_a-vsnprintf.o)
 .debug_frame   0x00000000000024b8       0x30 /home/ialex/opt/xPacks/@gnu-mcu-eclipse/arm-none-eabi-gcc/8.2.1-1.4.1/.content/bin/../lib/gcc/arm-none-eabi/8.2.1/../../../../arm-none-eabi/lib/thumb/v7-m/nofp/libg_nano.a(lib_a-mlock.o)
 .debug_frame   0x00000000000024e8       0x90 /home/ialex/opt/xPacks/@gnu-mcu-eclipse/arm-none-eabi-gcc/8.2.1-1.4.1/.content/bin/../lib/gcc/arm-none-eabi/8.2.1/../../../../arm-none-eabi/lib/thumb/v7-m/nofp/libg_nano.a(lib_a-nano-svfprintf.o)
 .debug_frame   0x0000000000002578       0x60 /home/ialex/opt/xPacks/@gnu-mcu-eclipse/arm-none-eabi-gcc/8.2.1-1.4.1/.content/bin/../lib/gcc/arm-none-eabi/8.2.1/../../../../arm-none-eabi/lib/thumb/v7-m/nofp/libg_nano.a(lib_a-nano-vfprintf_i.o)
 .debug_frame   0x00000000000025d8       0xb0 /home/ialex/opt/xPacks/@gnu-mcu-eclipse/arm-none-eabi-gcc/8.2.1-1.4.1/.content/bin/../lib/gcc/arm-none-eabi/8.2.1/../../../../arm-none-eabi/lib/thumb/v7-m/nofp/libg_nano.a(lib_a-lock.o)
 .debug_frame   0x0000000000002688       0x28 /home/ialex/opt/xPacks/@gnu-mcu-eclipse/arm-none-eabi-gcc/8.2.1-1.4.1/.content/bin/../lib/gcc/arm-none-eabi/8.2.1/../../../../arm-none-eabi/lib/thumb/v7-m/nofp/libg_nano.a(lib_a-memchr-stub.o)
 .debug_frame   0x00000000000026b0       0x28 /home/ialex/opt/xPacks/@gnu-mcu-eclipse/arm-none-eabi-gcc/8.2.1-1.4.1/.content/bin/../lib/gcc/arm-none-eabi/8.2.1/../../../../arm-none-eabi/lib/thumb/v7-m/nofp/libg_nano.a(lib_a-memcpy-stub.o)
 .debug_frame   0x00000000000026d8       0x28 /home/ialex/opt/xPacks/@gnu-mcu-eclipse/arm-none-eabi-gcc/8.2.1-1.4.1/.content/bin/../lib/gcc/arm-none-eabi/8.2.1/../../../../arm-none-eabi/lib/thumb/v7-m/nofp/libg_nano.a(lib_a-memmove.o)
 .debug_frame   0x0000000000002700       0x3c /home/ialex/opt/xPacks/@gnu-mcu-eclipse/arm-none-eabi-gcc/8.2.1-1.4.1/.content/bin/../lib/gcc/arm-none-eabi/8.2.1/../../../../arm-none-eabi/lib/thumb/v7-m/nofp/libg_nano.a(lib_a-nano-reallocr.o)
 .debug_frame   0x000000000000273c       0x20 /home/ialex/opt/xPacks/@gnu-mcu-eclipse/arm-none-eabi-gcc/8.2.1-1.4.1/.content/bin/../lib/gcc/arm-none-eabi/8.2.1/../../../../arm-none-eabi/lib/thumb/v7-m/nofp/libg_nano.a(lib_a-nano-msizer.o)

.debug_str      0x0000000000000000    0x5a5b7
 *(.debug_str)
 .debug_str     0x0000000000000000    0x4e8f6 ./system/src/stm32f1-stdperiph/misc.o
                                      0x4ea81 (size before relaxing)
 .debug_str     0x000000000004e8f6      0xb8b ./system/src/stm32f1-stdperiph/stm32f10x_adc.o
                                      0x4f3db (size before relaxing)
 .debug_str     0x000000000004f481      0x1d6 ./system/src/stm32f1-stdperiph/stm32f10x_exti.o
                                      0x4ea1f (size before relaxing)
 .debug_str     0x000000000004f657      0x5ac ./system/src/stm32f1-stdperiph/stm32f10x_gpio.o
                                      0x4edff (size before relaxing)
 .debug_str     0x000000000004fc03      0xb4a ./system/src/stm32f1-stdperiph/stm32f10x_rcc.o
                                      0x4f3ce (size before relaxing)
 .debug_str     0x000000000005074d      0xc1d ./system/src/stm32f1-stdperiph/stm32f10x_tim.o
                                      0x4f51a (size before relaxing)
 .debug_str     0x000000000005136a      0x7f1 ./system/src/stm32f1-stdperiph/stm32f10x_usart.o
                                      0x4f138 (size before relaxing)
 .debug_str     0x0000000000051b5b     0x4f14 ./system/src/newlib/_exit.o
                                       0x7ea7 (size before relaxing)
 .debug_str     0x0000000000056a6f      0x4f5 ./system/src/newlib/_sbrk.o
                                       0x7259 (size before relaxing)
 .debug_str     0x0000000000056f64      0x260 ./system/src/newlib/_startup.o
                                       0x6994 (size before relaxing)
 .debug_str     0x00000000000571c4      0xdef ./system/src/newlib/_syscalls.o
                                       0x80a5 (size before relaxing)
 .debug_str     0x0000000000057fb3       0xd0 ./system/src/newlib/assert.o
                                       0x89ac (size before relaxing)
 .debug_str     0x0000000000058083      0x819 ./system/src/diag/Trace.o
                                       0x861f (size before relaxing)
 .debug_str     0x000000000005889c      0x37b ./system/src/diag/trace_impl.o
                                      0x52a05 (size before relaxing)
 .debug_str     0x0000000000058c17       0x5e ./system/src/cortexm/_initialize_hardware.o
                                      0x4e8e9 (size before relaxing)
 .debug_str     0x0000000000058c75      0x19d ./system/src/cortexm/exception_handlers.o
                                      0x53c2a (size before relaxing)
 .debug_str     0x0000000000058e12       0x96 ./system/src/cmsis/system_stm32f10x.o
                                      0x4e983 (size before relaxing)
 .debug_str     0x0000000000058ea8       0x57 ./system/src/cmsis/vectors_stm32f10x.o
                                       0x3928 (size before relaxing)
 .debug_str     0x0000000000058eff     0x160c ./src/main.o
                                      0x56230 (size before relaxing)
 .debug_str     0x000000000005a50b       0x3f ./src/queue.o
                                       0x88d1 (size before relaxing)
 .debug_str     0x000000000005a54a       0x6d ./src/usart.o
                                      0x55294 (size before relaxing)

.debug_loc      0x0000000000000000     0x76e4
 *(.debug_loc)
 .debug_loc     0x0000000000000000      0x26d ./system/src/stm32f1-stdperiph/misc.o
 .debug_loc     0x000000000000026d     0x108b ./system/src/stm32f1-stdperiph/stm32f10x_adc.o
 .debug_loc     0x00000000000012f8      0x277 ./system/src/stm32f1-stdperiph/stm32f10x_exti.o
 .debug_loc     0x000000000000156f      0x9f6 ./system/src/stm32f1-stdperiph/stm32f10x_gpio.o
 .debug_loc     0x0000000000001f65      0xd2e ./system/src/stm32f1-stdperiph/stm32f10x_rcc.o
 .debug_loc     0x0000000000002c93     0x2bf7 ./system/src/stm32f1-stdperiph/stm32f10x_tim.o
 .debug_loc     0x000000000000588a      0xdc3 ./system/src/stm32f1-stdperiph/stm32f10x_usart.o
 .debug_loc     0x000000000000664d       0x15 ./system/src/newlib/_exit.o
 .debug_loc     0x0000000000006662       0x97 ./system/src/newlib/_sbrk.o
 .debug_loc     0x00000000000066f9      0x2a6 ./system/src/newlib/_startup.o
 .debug_loc     0x000000000000699f       0x6f ./system/src/newlib/_syscalls.o
 .debug_loc     0x0000000000006a0e      0x160 ./system/src/newlib/assert.o
 .debug_loc     0x0000000000006b6e      0x118 ./system/src/diag/Trace.o
 .debug_loc     0x0000000000006c86      0x1a1 ./system/src/diag/trace_impl.o
 .debug_loc     0x0000000000006e27      0x35c ./system/src/cortexm/exception_handlers.o
 .debug_loc     0x0000000000007183       0xff ./system/src/cmsis/system_stm32f10x.o
 .debug_loc     0x0000000000007282      0x199 ./src/main.o
 .debug_loc     0x000000000000741b      0x14d ./src/queue.o
 .debug_loc     0x0000000000007568      0x17c ./src/usart.o

.debug_macinfo
 *(.debug_macinfo)

.debug_weaknames
 *(.debug_weaknames)

.debug_funcnames
 *(.debug_funcnames)

.debug_typenames
 *(.debug_typenames)

.debug_varnames
 *(.debug_varnames)
OUTPUT(test-proj.elf elf32-littlearm)

.debug_ranges   0x0000000000000000      0xa28
 .debug_ranges  0x0000000000000000       0x30 ./system/src/stm32f1-stdperiph/misc.o
 .debug_ranges  0x0000000000000030      0x128 ./system/src/stm32f1-stdperiph/stm32f10x_adc.o
 .debug_ranges  0x0000000000000158       0x48 ./system/src/stm32f1-stdperiph/stm32f10x_exti.o
 .debug_ranges  0x00000000000001a0       0x98 ./system/src/stm32f1-stdperiph/stm32f10x_gpio.o
 .debug_ranges  0x0000000000000238      0x108 ./system/src/stm32f1-stdperiph/stm32f10x_rcc.o
 .debug_ranges  0x0000000000000340      0x2e0 ./system/src/stm32f1-stdperiph/stm32f10x_tim.o
 .debug_ranges  0x0000000000000620       0xf0 ./system/src/stm32f1-stdperiph/stm32f10x_usart.o
 .debug_ranges  0x0000000000000710       0x18 ./system/src/newlib/_exit.o
 .debug_ranges  0x0000000000000728       0x10 ./system/src/newlib/_sbrk.o
 .debug_ranges  0x0000000000000738       0x48 ./system/src/newlib/_startup.o
 .debug_ranges  0x0000000000000780       0x20 ./system/src/newlib/_syscalls.o
 .debug_ranges  0x00000000000007a0       0x18 ./system/src/newlib/assert.o
 .debug_ranges  0x00000000000007b8       0x28 ./system/src/diag/Trace.o
 .debug_ranges  0x00000000000007e0       0x38 ./system/src/diag/trace_impl.o
 .debug_ranges  0x0000000000000818       0x18 ./system/src/cortexm/_initialize_hardware.o
 .debug_ranges  0x0000000000000830       0x98 ./system/src/cortexm/exception_handlers.o
 .debug_ranges  0x00000000000008c8       0x28 ./system/src/cmsis/system_stm32f10x.o
 .debug_ranges  0x00000000000008f0       0x10 ./system/src/cmsis/vectors_stm32f10x.o
 .debug_ranges  0x0000000000000900       0x98 ./src/main.o
 .debug_ranges  0x0000000000000998       0x40 ./src/queue.o
 .debug_ranges  0x00000000000009d8       0x50 ./src/usart.o

.debug_macro    0x0000000000000000    0x11b62
 .debug_macro   0x0000000000000000      0x171 ./system/src/stm32f1-stdperiph/misc.o
 .debug_macro   0x0000000000000171      0xaa2 ./system/src/stm32f1-stdperiph/misc.o
 .debug_macro   0x0000000000000c13       0x50 ./system/src/stm32f1-stdperiph/misc.o
 .debug_macro   0x0000000000000c63      0x34e ./system/src/stm32f1-stdperiph/misc.o
 .debug_macro   0x0000000000000fb1       0x35 ./system/src/stm32f1-stdperiph/misc.o
 .debug_macro   0x0000000000000fe6       0x34 ./system/src/stm32f1-stdperiph/misc.o
 .debug_macro   0x000000000000101a      0xb8e ./system/src/stm32f1-stdperiph/misc.o
 .debug_macro   0x0000000000001ba8     0x7dbe ./system/src/stm32f1-stdperiph/misc.o
 .debug_macro   0x0000000000009966      0x2e4 ./system/src/stm32f1-stdperiph/misc.o
 .debug_macro   0x0000000000009c4a      0x144 ./system/src/stm32f1-stdperiph/misc.o
 .debug_macro   0x0000000000009d8e      0x3cf ./system/src/stm32f1-stdperiph/misc.o
 .debug_macro   0x000000000000a15d       0xc8 ./system/src/stm32f1-stdperiph/misc.o
 .debug_macro   0x000000000000a225      0x17a ./system/src/stm32f1-stdperiph/misc.o
 .debug_macro   0x000000000000a39f       0xac ./system/src/stm32f1-stdperiph/misc.o
 .debug_macro   0x000000000000a44b      0x3ad ./system/src/stm32f1-stdperiph/misc.o
 .debug_macro   0x000000000000a7f8       0x9d ./system/src/stm32f1-stdperiph/misc.o
 .debug_macro   0x000000000000a895      0x2cf ./system/src/stm32f1-stdperiph/misc.o
 .debug_macro   0x000000000000ab64      0x279 ./system/src/stm32f1-stdperiph/misc.o
 .debug_macro   0x000000000000addd      0x2ac ./system/src/stm32f1-stdperiph/misc.o
 .debug_macro   0x000000000000b089      0x2b4 ./system/src/stm32f1-stdperiph/misc.o
 .debug_macro   0x000000000000b33d       0x64 ./system/src/stm32f1-stdperiph/misc.o
 .debug_macro   0x000000000000b3a1       0x82 ./system/src/stm32f1-stdperiph/misc.o
 .debug_macro   0x000000000000b423      0x3e2 ./system/src/stm32f1-stdperiph/misc.o
 .debug_macro   0x000000000000b805       0x58 ./system/src/stm32f1-stdperiph/misc.o
 .debug_macro   0x000000000000b85d      0x344 ./system/src/stm32f1-stdperiph/misc.o
 .debug_macro   0x000000000000bba1      0x2c4 ./system/src/stm32f1-stdperiph/misc.o
 .debug_macro   0x000000000000be65      0x711 ./system/src/stm32f1-stdperiph/misc.o
 .debug_macro   0x000000000000c576      0x222 ./system/src/stm32f1-stdperiph/misc.o
 .debug_macro   0x000000000000c798       0x34 ./system/src/stm32f1-stdperiph/misc.o
 .debug_macro   0x000000000000c7cc       0x35 ./system/src/stm32f1-stdperiph/misc.o
 .debug_macro   0x000000000000c801       0x85 ./system/src/stm32f1-stdperiph/misc.o
 .debug_macro   0x000000000000c886      0x269 ./system/src/stm32f1-stdperiph/stm32f10x_adc.o
 .debug_macro   0x000000000000caef      0x13e ./system/src/stm32f1-stdperiph/stm32f10x_adc.o
 .debug_macro   0x000000000000cc2d       0x8b ./system/src/stm32f1-stdperiph/stm32f10x_adc.o
 .debug_macro   0x000000000000ccb8      0x171 ./system/src/stm32f1-stdperiph/stm32f10x_exti.o
 .debug_macro   0x000000000000ce29       0x97 ./system/src/stm32f1-stdperiph/stm32f10x_exti.o
 .debug_macro   0x000000000000cec0      0x1b9 ./system/src/stm32f1-stdperiph/stm32f10x_gpio.o
 .debug_macro   0x000000000000d079      0x2a6 ./system/src/stm32f1-stdperiph/stm32f10x_gpio.o
 .debug_macro   0x000000000000d31f      0x287 ./system/src/stm32f1-stdperiph/stm32f10x_rcc.o
 .debug_macro   0x000000000000d5a6      0x3dc ./system/src/stm32f1-stdperiph/stm32f10x_rcc.o
 .debug_macro   0x000000000000d982      0x183 ./system/src/stm32f1-stdperiph/stm32f10x_tim.o
 .debug_macro   0x000000000000db05      0x70b ./system/src/stm32f1-stdperiph/stm32f10x_tim.o
 .debug_macro   0x000000000000e210      0x21f ./system/src/stm32f1-stdperiph/stm32f10x_usart.o